ARM Linker, 5.02 [Build 28] [MDK-ARM Professional]

==============================================================================

Section Cross References

    main.o(.text) refers to misc.o(.text) for NVIC_PriorityGroupConfig
    main.o(.text) refers to stm32f2xx_rcc.o(.text) for RCC_AHB1PeriphClockCmd
    main.o(.text) refers to stm32f2xx_gpio.o(.text) for GPIO_Init
    main.o(.text) refers to stm32f2xx_syscfg.o(.text) for SYSCFG_EXTILineConfig
    main.o(.text) refers to stm32f2xx_exti.o(.text) for EXTI_Init
    main.o(.text) refers to system_stm32f2xx.o(.text) for SystemInit
    main.o(.text) refers to systick.o(.text) for SysTick_Configuration
    main.o(.text) refers to iwdg.o(.text) for IWDG_Init
    main.o(.text) refers to led.o(.text) for Led_GPIO_Config
    main.o(.text) refers to m41t81.o(.text) for I2C_M41T81_Config
    main.o(.text) refers to diskio.o(.text) for disk_initialize
    main.o(.text) refers to dht11.o(.text) for DHT11_GPIO_Config
    main.o(.text) refers to adxl345.o(.text) for Init_ADXL345
    main.o(.text) refers to wireless.o(.text) for WirelessUsart_Init
    main.o(.text) refers to adc.o(.text) for ADC_GPIO_Configuration
    main.o(.text) refers to fsmc_nand.o(.text) for NAND_Init
    main.o(.text) refers to usart.o(.text) for RS232_Init
    main.o(.text) refers to ff.o(.text) for f_mount
    main.o(.text) refers to response.o(.text) for Get_Log_len
    main.o(.text) refers to dflt_clz.o(x$fpl$dflt) for __aeabi_i2d
    main.o(.text) refers to dleqf.o(x$fpl$dleqf) for __aeabi_cdcmple
    main.o(.text) refers to drleqf.o(x$fpl$drleqf) for __aeabi_cdrcmple
    main.o(.text) refers to main.o(.bss) for fs
    main.o(.text) refers to nand_wr.o(.data) for log_len
    main.o(.text) refers to main.o(.data) for ControlBoardID
    main.o(.text) refers to stm32f2xx_it.o(.data) for flag_rx
    main.o(.text) refers to response.o(.data) for zttimeflag
    main.o(.text) refers to response.o(.bss) for fileztp
    main.o(.text) refers to gpssource.o(.text) for GPSSource_Stop
    main.o(.text) refers to gpstime.o(.text) for GPS_NMEA
    main.o(.text) refers to stm32f2xx_usart.o(.text) for USART_ITConfig
    main.o(.text) refers to gpstime.o(.data) for GPS_VA
    stm32f2xx_it.o(.text) refers to systick.o(.text) for TimingDelay_Decrement
    stm32f2xx_it.o(.text) refers to stm32f2xx_dma.o(.text) for DMA_GetITStatus
    stm32f2xx_it.o(.text) refers to stm32f2xx_adc.o(.text) for ADC_DMACmd
    stm32f2xx_it.o(.text) refers to iwdg.o(.text) for IWDG_Feed
    stm32f2xx_it.o(.text) refers to stm32f2xx_usart.o(.text) for USART_GetITStatus
    stm32f2xx_it.o(.text) refers to stm32f2xx_exti.o(.text) for EXTI_GetITStatus
    stm32f2xx_it.o(.text) refers to stm32f2xx_gpio.o(.text) for GPIO_ReadInputDataBit
    stm32f2xx_it.o(.text) refers to response.o(.data) for zttimeflag
    stm32f2xx_it.o(.text) refers to adc.o(.bss) for ADCConvertedValue
    stm32f2xx_it.o(.text) refers to stm32f2xx_it.o(.data) for pressuretest
    stm32f2xx_it.o(.text) refers to stm32f2xx_it.o(.bss) for inputwaterstr
    stm32f2xx_it.o(.text) refers to main.o(.data) for ControlBoardID
    stm32f2xx_it.o(.text) refers to gpstime.o(.bss) for GPS_Buf
    stm32f2xx_it.o(.text) refers to gpstime.o(.data) for Rec_Len
    adc.o(.text) refers to stm32f2xx_rcc.o(.text) for RCC_AHB1PeriphClockCmd
    adc.o(.text) refers to stm32f2xx_gpio.o(.text) for GPIO_Init
    adc.o(.text) refers to stm32f2xx_adc.o(.text) for ADC_DeInit
    adc.o(.text) refers to stm32f2xx_dma.o(.text) for DMA_DeInit
    adc.o(.text) refers to adc.o(.bss) for ADCConvertedValue
    systick.o(.text) refers to systick.o(.data) for TimingDelay
    systick.o(.text) refers to system_stm32f2xx.o(.data) for SystemCoreClock
    usart.o(.text) refers to stm32f2xx_usart.o(.text) for USART_DeInit
    usart.o(.text) refers to stm32f2xx_rcc.o(.text) for RCC_APB1PeriphClockCmd
    usart.o(.text) refers to stm32f2xx_gpio.o(.text) for GPIO_Init
    usart.o(.text) refers to systick.o(.text) for Delay_us
    fsmc_nand.o(.text) refers to stm32f2xx_rcc.o(.text) for RCC_AHB1PeriphClockCmd
    fsmc_nand.o(.text) refers to stm32f2xx_gpio.o(.text) for GPIO_PinAFConfig
    fsmc_nand.o(.text) refers to stm32f2xx_fsmc.o(.text) for FSMC_NANDInit
    crc16.o(.text) refers to crc16.o(.constdata) for wCRCTalbeAbs
    response.o(.text) refers to _printf_percent.o(.ARM.Collect$$_printf_percent$$00000000) for _printf_percent
    response.o(.text) refers to _printf_s.o(.ARM.Collect$$_printf_percent$$00000014) for _printf_s
    response.o(.text) refers to _printf_str.o(.text) for _printf_str
    response.o(.text) refers to iwdg.o(.text) for IWDG_Feed
    response.o(.text) refers to crc16.o(.text) for chkcrc
    response.o(.text) refers to usart.o(.text) for RS232_MegSend
    response.o(.text) refers to rt_memclr_w.o(.text) for __aeabi_memclr4
    response.o(.text) refers to m41t81.o(.text) for ReadRTC
[...]
    Get_Log_len                              0x08003f29   Thumb Code    74  response.o(.text)
    Read_Log                                 0x08003f73   Thumb Code   346  response.o(.text)
    SetWaterPower                            0x080040cd   Thumb Code    98  response.o(.text)
    ExecutPCCommand                          0x0800412f   Thumb Code  1144  response.o(.text)
    GetBoardID                               0x080045a7   Thumb Code    40  response.o(.text)
    SetBoardID                               0x080045cf   Thumb Code    46  response.o(.text)
    SetWirelessAddr                          0x080045fd   Thumb Code   514  response.o(.text)
    Statusmonitor                            0x080047ff   Thumb Code   728  response.o(.text)
    CreateNewArea                            0x08004b0d   Thumb Code   282  nand_wr.o(.text)
    WriteDatatoFlash                         0x08004c27   Thumb Code   456  nand_wr.o(.text)
    Led_GPIO_Config                          0x08004e09   Thumb Code    76  led.o(.text)
    SD_SPI_ReadWriteByte                     0x08004e5d   Thumb Code    12  mmc_sd.o(.text)
    SD_SPI_SpeedLow                          0x08004e69   Thumb Code    10  mmc_sd.o(.text)
    SD_SPI_SpeedHigh                         0x08004e73   Thumb Code    10  mmc_sd.o(.text)
    SD_SPI_Init                              0x08004e7d   Thumb Code    60  mmc_sd.o(.text)
    SD_DisSelect                             0x08004eb9   Thumb Code    18  mmc_sd.o(.text)
    SD_WaitReady                             0x08004ecb   Thumb Code    34  mmc_sd.o(.text)
    SD_Select                                0x08004eed   Thumb Code    28  mmc_sd.o(.text)
    SD_GetResponse                           0x08004f09   Thumb Code    38  mmc_sd.o(.text)
    SD_RecvData                              0x08004f2f   Thumb Code    56  mmc_sd.o(.text)
    SD_SendBlock                             0x08004f67   Thumb Code    82  mmc_sd.o(.text)
    SD_SendCmd                               0x08004fb9   Thumb Code   120  mmc_sd.o(.text)
    SD_GetCID                                0x08005031   Thumb Code    42  mmc_sd.o(.text)
    SD_GetCSD                                0x0800505b   Thumb Code    42  mmc_sd.o(.text)
    SD_GetSectorCount                        0x08005085   Thumb Code   118  mmc_sd.o(.text)
    SD_Initialize                            0x080050fb   Thumb Code   370  mmc_sd.o(.text)
    SD_ReadDisk                              0x0800526d   Thumb Code   122  mmc_sd.o(.text)
    SD_WriteDisk                             0x080052e7   Thumb Code   140  mmc_sd.o(.text)
    SPI1_ReadWriteByte                       0x08005379   Thumb Code    78  spi1.o(.text)
    SPI1_Init                                0x080053c7   Thumb Code   188  spi1.o(.text)
    SPI1_SetSpeed                            0x08005483   Thumb Code    82  spi1.o(.text)
    TIM_GPIO_Config                          0x080054dd   Thumb Code    66  megdriver.o(.text)
    MegDriver_Config                         0x0800551f   Thumb Code   114  megdriver.o(.text)
    MegDriver_Stop                           0x08005591   Thumb Code    62  megdriver.o(.text)
    MegDriver_EN                             0x080055cf   Thumb Code    62  megdriver.o(.text)
    I2C_M41T81_Config                        0x080056b9   Thumb Code    12  m41t81.o(.text)
    ReadRTC                                  0x080056c5   Thumb Code   272  m41t81.o(.text)
    WriteRTC                                 0x080057d5   Thumb Code   190  m41t81.o(.text)
    ReadByte                                 0x08005893   Thumb Code   194  m41t81.o(.text)
    WriteByte                                0x08005955   Thumb Code   110  m41t81.o(.text)
    BCD2HEX                                  0x080059c3   Thumb Code    20  m41t81.o(.text)
    HEX2BCD                                  0x080059d7   Thumb Code    26  m41t81.o(.text)
    DHT11_GPIO_Config                        0x08005a05   Thumb Code    56  dht11.o(.text)
    Read_DHT11                               0x08005ae1   Thumb Code   156  dht11.o(.text)
    TIM4_GPIO_Config                         0x08005b81   Thumb Code    68  gpssource.o(.text)
    GPSSource_Config                         0x08005bc5   Thumb Code   118  gpssource.o(.text)
    GPSSource_Stop                           0x08005c3b   Thumb Code    68  gpssource.o(.text)
    GPSSource24V_OUT                         0x08005c7f   Thumb Code    60  gpssource.o(.text)
    conversion                               0x08005cd1   Thumb Code   114  adxl345.o(.text)
    ADXL345_GPIO_Cofig                       0x08005d43   Thumb Code   148  adxl345.o(.text)
    SDA_IN                                   0x08005dd7   Thumb Code    30  adxl345.o(.text)
    SDA_OUT                                  0x08005df5   Thumb Code    32  adxl345.o(.text)
    ADXL345_Start                            0x08005e15   Thumb Code    56  adxl345.o(.text)
    ADXL345_Stop                             0x08005e4d   Thumb Code    48  adxl345.o(.text)
    IIC_Wait_Ack                             0x08005e7d   Thumb Code    82  adxl345.o(.text)
    IIC_Ack                                  0x08005ecf   Thumb Code    54  adxl345.o(.text)
    IIC_NAck                                 0x08005f05   Thumb Code    54  adxl345.o(.text)
    ADXL345_SendByte                         0x08005f3b   Thumb Code    96  adxl345.o(.text)
    ADXL345_RecvByte                         0x08005f9b   Thumb Code    92  adxl345.o(.text)
    Single_Write_ADXL345                     0x08005ff7   Thumb Code    46  adxl345.o(.text)
    Single_Read_ADXL345                      0x08006025   Thumb Code    58  adxl345.o(.text)
    Multiple_Read_ADXL345                    0x0800605f   Thumb Code   138  adxl345.o(.text)
    Init_ADXL345                             0x080060e9   Thumb Code    72  adxl345.o(.text)
    ADXL345_RD_XYZ                           0x08006131   Thumb Code   142  adxl345.o(.text)
    ADXL345_RD_Avval                         0x080061bf   Thumb Code   100  adxl345.o(.text)
    ADXL345_RD_XYZ2                          0x08006223   Thumb Code    84  adxl345.o(.text)
    ADXL345_RD_Avval2                        0x08006277   Thumb Code   218  adxl345.o(.text)
    ADXL345_RD                               0x08006351   Thumb Code   500  adxl345.o(.text)
    ADXL345_Read_Average                     0x08006545   Thumb Code   132  adxl345.o(.text)
    ADXL345_Get_Angle                        0x080065c9   Thumb Code   408  adxl345.o(.text)
    ADXL345_Get_Angle1                       0x08006761   Thumb Code   452  adxl345.o(.text)
    ADXL345_Angle                            0x08006925   Thumb Code   678  adxl345.o(.text)
    WirelessUsart_Init                       0x08006be1   Thumb Code   166  wireless.o(.text)
    WirelessGPIO_Config                      0x08006c87   Thumb Code    96  wireless.o(.text)
    SetMode                                  0x08006ce7   Thumb Code   114  wireless.o(.text)
    WirelessSend                             0x08006d59   Thumb Code    28  wireless.o(.text)
    IWDG_Init                                0x08006d81   Thumb Code    36  iwdg.o(.text)
    IWDG_Feed                                0x08006da5   Thumb Code     8  iwdg.o(.text)
    UTCTOBJTIME                              0x08006dad   Thumb Code   306  gpstime.o(.text)
    GPRMC_DAT                                0x08006edf   Thumb Code  1070  gpstime.o(.text)
    GPS_NMEA                                 0x0800730d   Thumb Code    36  gpstime.o(.text)
    NVIC_PriorityGroupConfig                 0x08007355   Thumb Code    10  misc.o(.text)
    NVIC_Init                                0x0800735f   Thumb Code   108  misc.o(.text)
    NVIC_SetVectorTable                      0x080073cb   Thumb Code    14  misc.o(.text)
    NVIC_SystemLPConfig                      0x080073d9   Thumb Code    34  misc.o(.text)
    SysTick_CLKSourceConfig                  0x080073fb   Thumb Code    40  misc.o(.text)
    ADC_DeInit                               0x08007439   Thumb Code    22  stm32f2xx_adc.o(.text)
    ADC_Init                                 0x0800744f   Thumb Code    74  stm32f2xx_adc.o(.text)
    ADC_StructInit                           0x08007499   Thumb Code    20  stm32f2xx_adc.o(.text)
    ADC_CommonInit                           0x080074ad   Thumb Code    44  stm32f2xx_adc.o(.text)
    ADC_CommonStructInit                     0x080074d9   Thumb Code    12  stm32f2xx_adc.o(.text)
    ADC_Cmd                                  0x080074e5   Thumb Code    22  stm32f2xx_adc.o(.text)
    ADC_AnalogWatchdogCmd                    0x080074fb   Thumb Code    16  stm32f2xx_adc.o(.text)
    ADC_AnalogWatchdogThresholdsConfig       0x0800750b   Thumb Code     6  stm32f2xx_adc.o(.text)
    ADC_AnalogWatchdogSingleChannelConfig    0x08007511   Thumb Code    16  stm32f2xx_adc.o(.text)
    ADC_TempSensorVrefintCmd                 0x08007521   Thumb Code    34  stm32f2xx_adc.o(.text)
    ADC_VBATCmd                              0x08007543   Thumb Code    34  stm32f2xx_adc.o(.text)
    ADC_RegularChannelConfig                 0x08007565   Thumb Code   184  stm32f2xx_adc.o(.text)
    ADC_SoftwareStartConv                    0x0800761d   Thumb Code    10  stm32f2xx_adc.o(.text)
    ADC_GetSoftwareStartConvStatus           0x08007627   Thumb Code    20  stm32f2xx_adc.o(.text)
    ADC_EOCOnEachRegularChannelCmd           0x0800763b   Thumb Code    22  stm32f2xx_adc.o(.text)
    ADC_ContinuousModeCmd                    0x08007651   Thumb Code    22  stm32f2xx_adc.o(.text)
    ADC_DiscModeChannelCountConfig           0x08007667   Thumb Code    24  stm32f2xx_adc.o(.text)
    ADC_DiscModeCmd                          0x0800767f   Thumb Code    22  stm32f2xx_adc.o(.text)
    ADC_GetConversionValue                   0x08007695   Thumb Code     8  stm32f2xx_adc.o(.text)
    ADC_GetMultiModeConversionValue          0x0800769d   Thumb Code     6  stm32f2xx_adc.o(.text)
    ADC_DMACmd                               0x080076a3   Thumb Code    22  stm32f2xx_adc.o(.text)
    ADC_DMARequestAfterLastTransferCmd       0x080076b9   Thumb Code    22  stm32f2xx_adc.o(.text)
    ADC_MultiModeDMARequestAfterLastTransferCmd 0x080076cf   Thumb Code    34  stm32f2xx_adc.o(.text)
    ADC_InjectedChannelConfig                0x080076f1   Thumb Code   130  stm32f2xx_adc.o(.text)
    ADC_InjectedSequencerLengthConfig        0x08007773   Thumb Code    24  stm32f2xx_adc.o(.text)
    ADC_SetInjectedOffset                    0x0800778b   Thumb Code    12  stm32f2xx_adc.o(.text)
    ADC_ExternalTrigInjectedConvConfig       0x08007797   Thumb Code    16  stm32f2xx_adc.o(.text)
    ADC_ExternalTrigInjectedConvEdgeConfig   0x080077a7   Thumb Code    16  stm32f2xx_adc.o(.text)
    ADC_SoftwareStartInjectedConv            0x080077b7   Thumb Code    10  stm32f2xx_adc.o(.text)
    ADC_GetSoftwareStartInjectedConvCmdStatus 0x080077c1   Thumb Code    20  stm32f2xx_adc.o(.text)
    ADC_AutoInjectedConvCmd                  0x080077d5   Thumb Code    22  stm32f2xx_adc.o(.text)
    ADC_InjectedDiscModeCmd                  0x080077eb   Thumb Code    22  stm32f2xx_adc.o(.text)
    ADC_GetInjectedConversionValue           0x08007801   Thumb Code    18  stm32f2xx_adc.o(.text)
    ADC_ITConfig                             0x08007813   Thumb Code    32  stm32f2xx_adc.o(.text)
    ADC_GetFlagStatus                        0x08007833   Thumb Code    46  stm32f2xx_adc.o(.text)
    ADC_ClearFlag                            0x08007861   Thumb Code     6  stm32f2xx_adc.o(.text)
    ADC_GetITStatus                          0x08007867   Thumb Code    38  stm32f2xx_adc.o(.text)
    ADC_ClearITPendingBit                    0x0800788d   Thumb Code    10  stm32f2xx_adc.o(.text)
    DMA_DeInit                               0x08007899   Thumb Code   324  stm32f2xx_dma.o(.text)
    DMA_Init                                 0x080079dd   Thumb Code    82  stm32f2xx_dma.o(.text)
    DMA_StructInit                           0x08007a2f   Thumb Code    34  stm32f2xx_dma.o(.text)
    DMA_Cmd                                  0x08007a51   Thumb Code    22  stm32f2xx_dma.o(.text)
    DMA_PeriphIncOffsetSizeConfig            0x08007a67   Thumb Code    22  stm32f2xx_dma.o(.text)
    DMA_FlowControllerConfig                 0x08007a7d   Thumb Code    22  stm32f2xx_dma.o(.text)
    DMA_SetCurrDataCounter                   0x08007a93   Thumb Code     4  stm32f2xx_dma.o(.text)
    DMA_GetCurrDataCounter                   0x08007a97   Thumb Code     8  stm32f2xx_dma.o(.text)
    DMA_DoubleBufferModeConfig               0x08007a9f   Thumb Code    24  stm32f2xx_dma.o(.text)
    DMA_DoubleBufferModeCmd                  0x08007ab7   Thumb Code    22  stm32f2xx_dma.o(.text)
    DMA_MemoryTargetConfig                   0x08007acd   Thumb Code    10  stm32f2xx_dma.o(.text)
    DMA_GetCurrentMemoryTarget               0x08007ad7   Thumb Code    20  stm32f2xx_dma.o(.text)
    DMA_GetCmdStatus                         0x08007aeb   Thumb Code    20  stm32f2xx_dma.o(.text)
    DMA_GetFIFOStatus                        0x08007aff   Thumb Code    12  stm32f2xx_dma.o(.text)
    DMA_GetFlagStatus                        0x08007b0b   Thumb Code    54  stm32f2xx_dma.o(.text)
    DMA_ClearFlag                            0x08007b41   Thumb Code    40  stm32f2xx_dma.o(.text)
    DMA_ITConfig                             0x08007b69   Thumb Code    58  stm32f2xx_dma.o(.text)
    DMA_GetITStatus                          0x08007ba3   Thumb Code    82  stm32f2xx_dma.o(.text)
    DMA_ClearITPendingBit                    0x08007bf5   Thumb Code    40  stm32f2xx_dma.o(.text)
    USART_DeInit                             0x08007c3d   Thumb Code   156  stm32f2xx_usart.o(.text)
    USART_Init                               0x08007cd9   Thumb Code   204  stm32f2xx_usart.o(.text)
    USART_StructInit                         0x08007da5   Thumb Code    24  stm32f2xx_usart.o(.text)
    USART_ClockInit                          0x08007dbd   Thumb Code    32  stm32f2xx_usart.o(.text)
    USART_ClockStructInit                    0x08007ddd   Thumb Code    12  stm32f2xx_usart.o(.text)
    USART_Cmd                                0x08007de9   Thumb Code    24  stm32f2xx_usart.o(.text)
    USART_SetPrescaler                       0x08007e01   Thumb Code    16  stm32f2xx_usart.o(.text)
    USART_OverSampling8Cmd                   0x08007e11   Thumb Code    22  stm32f2xx_usart.o(.text)
    USART_OneBitMethodCmd                    0x08007e27   Thumb Code    24  stm32f2xx_usart.o(.text)
    USART_SendData                           0x08007e3f   Thumb Code     8  stm32f2xx_usart.o(.text)
    USART_ReceiveData                        0x08007e47   Thumb Code    10  stm32f2xx_usart.o(.text)
    USART_SetAddress                         0x08007e51   Thumb Code    18  stm32f2xx_usart.o(.text)
    USART_ReceiverWakeUpCmd                  0x08007e63   Thumb Code    24  stm32f2xx_usart.o(.text)
    USART_WakeUpConfig                       0x08007e7b   Thumb Code    18  stm32f2xx_usart.o(.text)
    USART_LINBreakDetectLengthConfig         0x08007e8d   Thumb Code    18  stm32f2xx_usart.o(.text)
    USART_LINCmd                             0x08007e9f   Thumb Code    24  stm32f2xx_usart.o(.text)
    USART_SendBreak                          0x08007eb7   Thumb Code    10  stm32f2xx_usart.o(.text)
    USART_HalfDuplexCmd                      0x08007ec1   Thumb Code    24  stm32f2xx_usart.o(.text)
    USART_SetGuardTime                       0x08007ed9   Thumb Code    16  stm32f2xx_usart.o(.text)
    USART_SmartCardCmd                       0x08007ee9   Thumb Code    24  stm32f2xx_usart.o(.text)
    USART_SmartCardNACKCmd                   0x08007f01   Thumb Code    24  stm32f2xx_usart.o(.text)
    USART_IrDAConfig                         0x08007f19   Thumb Code    18  stm32f2xx_usart.o(.text)
    USART_IrDACmd                            0x08007f2b   Thumb Code    24  stm32f2xx_usart.o(.text)
    USART_DMACmd                             0x08007f43   Thumb Code    18  stm32f2xx_usart.o(.text)
    USART_ITConfig                           0x08007f55   Thumb Code    74  stm32f2xx_usart.o(.text)
    USART_GetFlagStatus                      0x08007f9f   Thumb Code    26  stm32f2xx_usart.o(.text)
    USART_ClearFlag                          0x08007fb9   Thumb Code    18  stm32f2xx_usart.o(.text)
    USART_GetITStatus                        0x08007fcb   Thumb Code   110  stm32f2xx_usart.o(.text)
    USART_ClearITPendingBit                  0x08008039   Thumb Code    30  stm32f2xx_usart.o(.text)
    RCC_DeInit                               0x08008059   Thumb Code    60  stm32f2xx_rcc.o(.text)
    RCC_HSEConfig                            0x08008095   Thumb Code    14  stm32f2xx_rcc.o(.text)
    RCC_GetFlagStatus                        0x080080a3   Thumb Code    60  stm32f2xx_rcc.o(.text)
    RCC_WaitForHSEStartUp                    0x080080df   Thumb Code    48  stm32f2xx_rcc.o(.text)
    RCC_AdjustHSICalibrationValue            0x0800810f   Thumb Code    20  stm32f2xx_rcc.o(.text)
    RCC_HSICmd                               0x08008123   Thumb Code     6  stm32f2xx_rcc.o(.text)
    RCC_LSEConfig                            0x08008129   Thumb Code    46  stm32f2xx_rcc.o(.text)
    RCC_LSICmd                               0x08008157   Thumb Code     6  stm32f2xx_rcc.o(.text)
    RCC_PLLConfig                            0x0800815d   Thumb Code    32  stm32f2xx_rcc.o(.text)
    RCC_PLLCmd                               0x0800817d   Thumb Code     6  stm32f2xx_rcc.o(.text)
    RCC_PLLI2SConfig                         0x08008183   Thumb Code    14  stm32f2xx_rcc.o(.text)
    RCC_PLLI2SCmd                            0x08008191   Thumb Code     6  stm32f2xx_rcc.o(.text)
    RCC_ClockSecuritySystemCmd               0x08008197   Thumb Code     6  stm32f2xx_rcc.o(.text)
    RCC_MCO1Config                           0x0800819d   Thumb Code    28  stm32f2xx_rcc.o(.text)
    RCC_MCO2Config                           0x080081b9   Thumb Code    28  stm32f2xx_rcc.o(.text)
    RCC_SYSCLKConfig                         0x080081d5   Thumb Code    20  stm32f2xx_rcc.o(.text)
    RCC_GetSYSCLKSource                      0x080081e9   Thumb Code    12  stm32f2xx_rcc.o(.text)
    RCC_HCLKConfig                           0x080081f5   Thumb Code    20  stm32f2xx_rcc.o(.text)
    RCC_PCLK1Config                          0x08008209   Thumb Code    20  stm32f2xx_rcc.o(.text)
    RCC_PCLK2Config                          0x0800821d   Thumb Code    22  stm32f2xx_rcc.o(.text)
    RCC_GetClocksFreq                        0x08008233   Thumb Code   222  stm32f2xx_rcc.o(.text)
    RCC_RTCCLKConfig                         0x08008311   Thumb Code    54  stm32f2xx_rcc.o(.text)
    RCC_RTCCLKCmd                            0x08008347   Thumb Code     8  stm32f2xx_rcc.o(.text)
    RCC_BackupResetCmd                       0x0800834f   Thumb Code     8  stm32f2xx_rcc.o(.text)
    RCC_I2SCLKConfig                         0x08008357   Thumb Code     6  stm32f2xx_rcc.o(.text)
    RCC_AHB1PeriphClockCmd                   0x0800835d   Thumb Code    34  stm32f2xx_rcc.o(.text)
    RCC_AHB2PeriphClockCmd                   0x0800837f   Thumb Code    34  stm32f2xx_rcc.o(.text)
    RCC_AHB3PeriphClockCmd                   0x080083a1   Thumb Code    34  stm32f2xx_rcc.o(.text)
    RCC_APB1PeriphClockCmd                   0x080083c3   Thumb Code    34  stm32f2xx_rcc.o(.text)
    RCC_APB2PeriphClockCmd                   0x080083e5   Thumb Code    34  stm32f2xx_rcc.o(.text)
    RCC_AHB1PeriphResetCmd                   0x08008407   Thumb Code    34  stm32f2xx_rcc.o(.text)
    RCC_AHB2PeriphResetCmd                   0x08008429   Thumb Code    72  stm32f2xx_rcc.o(.text)
    RCC_AHB3PeriphResetCmd                   0x08008471   Thumb Code    34  stm32f2xx_rcc.o(.text)
    RCC_APB1PeriphResetCmd                   0x08008493   Thumb Code    34  stm32f2xx_rcc.o(.text)
    RCC_APB2PeriphResetCmd                   0x080084b5   Thumb Code    34  stm32f2xx_rcc.o(.text)
    RCC_AHB1PeriphClockLPModeCmd             0x080084d7   Thumb Code    34  stm32f2xx_rcc.o(.text)
    RCC_AHB2PeriphClockLPModeCmd             0x080084f9   Thumb Code    34  stm32f2xx_rcc.o(.text)
    RCC_AHB3PeriphClockLPModeCmd             0x0800851b   Thumb Code    34  stm32f2xx_rcc.o(.text)
    RCC_APB1PeriphClockLPModeCmd             0x0800853d   Thumb Code    34  stm32f2xx_rcc.o(.text)
    RCC_APB2PeriphClockLPModeCmd             0x0800855f   Thumb Code    34  stm32f2xx_rcc.o(.text)
    RCC_ITConfig                             0x08008581   Thumb Code    34  stm32f2xx_rcc.o(.text)
    RCC_ClearFlag                            0x080085a3   Thumb Code    18  stm32f2xx_rcc.o(.text)
    RCC_GetITStatus                          0x080085b5   Thumb Code    22  stm32f2xx_rcc.o(.text)
    RCC_ClearITPendingBit                    0x080085cb   Thumb Code     8  stm32f2xx_rcc.o(.text)
    GPIO_DeInit                              0x080085d9   Thumb Code   220  stm32f2xx_gpio.o(.text)
    GPIO_Init                                0x080086b5   Thumb Code   144  stm32f2xx_gpio.o(.text)
    GPIO_StructInit                          0x08008745   Thumb Code    18  stm32f2xx_gpio.o(.text)
    GPIO_PinLockConfig                       0x08008757   Thumb Code    18  stm32f2xx_gpio.o(.text)
    GPIO_ReadInputDataBit                    0x08008769   Thumb Code    18  stm32f2xx_gpio.o(.text)
    GPIO_ReadInputData                       0x0800877b   Thumb Code     8  stm32f2xx_gpio.o(.text)
    GPIO_ReadOutputDataBit                   0x08008783   Thumb Code    18  stm32f2xx_gpio.o(.text)
    GPIO_ReadOutputData                      0x08008795   Thumb Code     8  stm32f2xx_gpio.o(.text)
    GPIO_SetBits                             0x0800879d   Thumb Code     4  stm32f2xx_gpio.o(.text)
    GPIO_ResetBits                           0x080087a1   Thumb Code     4  stm32f2xx_gpio.o(.text)
    GPIO_WriteBit                            0x080087a5   Thumb Code    10  stm32f2xx_gpio.o(.text)
    GPIO_Write                               0x080087af   Thumb Code     4  stm32f2xx_gpio.o(.text)
    GPIO_ToggleBits                          0x080087b3   Thumb Code     8  stm32f2xx_gpio.o(.text)
    GPIO_PinAFConfig                         0x080087bb   Thumb Code    70  stm32f2xx_gpio.o(.text)
    FSMC_NORSRAMDeInit                       0x08008825   Thumb Code    56  stm32f2xx_fsmc.o(.text)
    FSMC_NORSRAMInit                         0x0800885d   Thumb Code   224  stm32f2xx_fsmc.o(.text)
    FSMC_NORSRAMStructInit                   0x0800893d   Thumb Code   114  stm32f2xx_fsmc.o(.text)
    FSMC_NORSRAMCmd                          0x080089af   Thumb Code    46  stm32f2xx_fsmc.o(.text)
    FSMC_NANDDeInit                          0x080089dd   Thumb Code    62  stm32f2xx_fsmc.o(.text)
    FSMC_NANDInit                            0x08008a1b   Thumb Code   130  stm32f2xx_fsmc.o(.text)
    FSMC_NANDStructInit                      0x08008a9d   Thumb Code    54  stm32f2xx_fsmc.o(.text)
    FSMC_NANDCmd                             0x08008ad3   Thumb Code    86  stm32f2xx_fsmc.o(.text)
    FSMC_NANDECCCmd                          0x08008b29   Thumb Code    86  stm32f2xx_fsmc.o(.text)
    FSMC_GetECC                              0x08008b7f   Thumb Code    22  stm32f2xx_fsmc.o(.text)
    FSMC_PCCARDDeInit                        0x08008b95   Thumb Code    40  stm32f2xx_fsmc.o(.text)
    FSMC_PCCARDInit                          0x08008bbd   Thumb Code   124  stm32f2xx_fsmc.o(.text)
    FSMC_PCCARDStructInit                    0x08008c39   Thumb Code    60  stm32f2xx_fsmc.o(.text)
    FSMC_PCCARDCmd                           0x08008c75   Thumb Code    40  stm32f2xx_fsmc.o(.text)
    FSMC_ITConfig                            0x08008c9d   Thumb Code   128  stm32f2xx_fsmc.o(.text)
    FSMC_GetFlagStatus                       0x08008d1d   Thumb Code    48  stm32f2xx_fsmc.o(.text)
    FSMC_ClearFlag                           0x08008d4d   Thumb Code    62  stm32f2xx_fsmc.o(.text)
    FSMC_GetITStatus                         0x08008d8b   Thumb Code   110  stm32f2xx_fsmc.o(.text)
    FSMC_ClearITPendingBit                   0x08008df9   Thumb Code    64  stm32f2xx_fsmc.o(.text)
    SPI_I2S_DeInit                           0x08008e41   Thumb Code    76  stm32f2xx_spi.o(.text)
    SPI_Init                                 0x08008e8d   Thumb Code    60  stm32f2xx_spi.o(.text)
    I2S_Init                                 0x08008ec9   Thumb Code   346  stm32f2xx_spi.o(.text)
    SPI_StructInit                           0x08009023   Thumb Code    24  stm32f2xx_spi.o(.text)
    I2S_StructInit                           0x0800903b   Thumb Code    20  stm32f2xx_spi.o(.text)
    SPI_Cmd                                  0x0800904f   Thumb Code    24  stm32f2xx_spi.o(.text)
    I2S_Cmd                                  0x08009067   Thumb Code    24  stm32f2xx_spi.o(.text)
    SPI_DataSizeConfig                       0x0800907f   Thumb Code    18  stm32f2xx_spi.o(.text)
    SPI_BiDirectionalLineConfig              0x08009091   Thumb Code    28  stm32f2xx_spi.o(.text)
    SPI_NSSInternalSoftwareConfig            0x080090ad   Thumb Code    30  stm32f2xx_spi.o(.text)
    SPI_SSOutputCmd                          0x080090cb   Thumb Code    24  stm32f2xx_spi.o(.text)
    SPI_TIModeCmd                            0x080090e3   Thumb Code    24  stm32f2xx_spi.o(.text)
    SPI_I2S_ReceiveData                      0x080090fb   Thumb Code     6  stm32f2xx_spi.o(.text)
    SPI_I2S_SendData                         0x08009101   Thumb Code     4  stm32f2xx_spi.o(.text)
    SPI_CalculateCRC                         0x08009105   Thumb Code    24  stm32f2xx_spi.o(.text)
    SPI_TransmitCRC                          0x0800911d   Thumb Code    10  stm32f2xx_spi.o(.text)
    SPI_GetCRC                               0x08009127   Thumb Code    16  stm32f2xx_spi.o(.text)
    SPI_GetCRCPolynomial                     0x08009137   Thumb Code     6  stm32f2xx_spi.o(.text)
    SPI_I2S_DMACmd                           0x0800913d   Thumb Code    18  stm32f2xx_spi.o(.text)
    SPI_I2S_ITConfig                         0x0800914f   Thumb Code    32  stm32f2xx_spi.o(.text)
    SPI_I2S_GetFlagStatus                    0x0800916f   Thumb Code    18  stm32f2xx_spi.o(.text)
    SPI_I2S_ClearFlag                        0x08009181   Thumb Code     6  stm32f2xx_spi.o(.text)
    SPI_I2S_GetITStatus                      0x08009187   Thumb Code    52  stm32f2xx_spi.o(.text)
    SPI_I2S_ClearITPendingBit                0x080091bb   Thumb Code    20  stm32f2xx_spi.o(.text)
    SYSCFG_DeInit                            0x080091e5   Thumb Code    22  stm32f2xx_syscfg.o(.text)
    SYSCFG_MemoryRemapConfig                 0x080091fb   Thumb Code     6  stm32f2xx_syscfg.o(.text)
    SYSCFG_EXTILineConfig                    0x08009201   Thumb Code    66  stm32f2xx_syscfg.o(.text)
    SYSCFG_ETH_MediaInterfaceConfig          0x08009243   Thumb Code     6  stm32f2xx_syscfg.o(.text)
    SYSCFG_CompensationCellCmd               0x08009249   Thumb Code     6  stm32f2xx_syscfg.o(.text)
    SYSCFG_GetCompensationCellStatus         0x0800924f   Thumb Code    22  stm32f2xx_syscfg.o(.text)
    EXTI_DeInit                              0x08009271   Thumb Code    28  stm32f2xx_exti.o(.text)
    EXTI_Init                                0x0800928d   Thumb Code   142  stm32f2xx_exti.o(.text)
    EXTI_StructInit                          0x0800931b   Thumb Code    16  stm32f2xx_exti.o(.text)
    EXTI_GenerateSWInterrupt                 0x0800932b   Thumb Code    16  stm32f2xx_exti.o(.text)
    EXTI_GetFlagStatus                       0x0800933b   Thumb Code    22  stm32f2xx_exti.o(.text)
    EXTI_ClearFlag                           0x08009351   Thumb Code     8  stm32f2xx_exti.o(.text)
    EXTI_GetITStatus                         0x08009359   Thumb Code    34  stm32f2xx_exti.o(.text)
    EXTI_ClearITPendingBit                   0x0800937b   Thumb Code     8  stm32f2xx_exti.o(.text)
    TIM_DeInit                               0x0800938d   Thumb Code   346  stm32f2xx_tim.o(.text)
    TIM_TimeBaseInit                         0x080094e7   Thumb Code   104  stm32f2xx_tim.o(.text)
    TIM_TimeBaseStructInit                   0x0800954f   Thumb Code    18  stm32f2xx_tim.o(.text)
    TIM_PrescalerConfig                      0x08009561   Thumb Code     6  stm32f2xx_tim.o(.text)
    TIM_CounterModeConfig                    0x08009567   Thumb Code    18  stm32f2xx_tim.o(.text)
    TIM_SetCounter                           0x08009579   Thumb Code     4  stm32f2xx_tim.o(.text)
    TIM_SetAutoreload                        0x0800957d   Thumb Code     4  stm32f2xx_tim.o(.text)
    TIM_GetCounter                           0x08009581   Thumb Code     6  stm32f2xx_tim.o(.text)
    TIM_GetPrescaler                         0x08009587   Thumb Code     6  stm32f2xx_tim.o(.text)
    TIM_UpdateDisableConfig                  0x0800958d   Thumb Code    24  stm32f2xx_tim.o(.text)
    TIM_UpdateRequestConfig                  0x080095a5   Thumb Code    24  stm32f2xx_tim.o(.text)
    TIM_ARRPreloadConfig                     0x080095bd   Thumb Code    24  stm32f2xx_tim.o(.text)
    TIM_SelectOnePulseMode                   0x080095d5   Thumb Code    18  stm32f2xx_tim.o(.text)
    TIM_SetClockDivision                     0x080095e7   Thumb Code    18  stm32f2xx_tim.o(.text)
    TIM_Cmd                                  0x080095f9   Thumb Code    24  stm32f2xx_tim.o(.text)
    TIM_OC1Init                              0x08009611   Thumb Code   114  stm32f2xx_tim.o(.text)
    TIM_OC2Init                              0x08009683   Thumb Code   154  stm32f2xx_tim.o(.text)
    TIM_OC3Init                              0x0800971d   Thumb Code   204  stm32f2xx_tim.o(.text)
    TIM_OC4Init                              0x080097e9   Thumb Code   112  stm32f2xx_tim.o(.text)
    TIM_OCStructInit                         0x08009859   Thumb Code    20  stm32f2xx_tim.o(.text)
    TIM_SelectOCxM                           0x0800986d   Thumb Code    86  stm32f2xx_tim.o(.text)
    TIM_SetCompare1                          0x080098c3   Thumb Code     4  stm32f2xx_tim.o(.text)
    TIM_SetCompare2                          0x080098c7   Thumb Code     4  stm32f2xx_tim.o(.text)
    TIM_SetCompare3                          0x080098cb   Thumb Code     4  stm32f2xx_tim.o(.text)
    TIM_SetCompare4                          0x080098cf   Thumb Code     4  stm32f2xx_tim.o(.text)
    TIM_ForcedOC1Config                      0x080098d3   Thumb Code    18  stm32f2xx_tim.o(.text)
    TIM_ForcedOC2Config                      0x080098e5   Thumb Code    26  stm32f2xx_tim.o(.text)
    TIM_ForcedOC3Config                      0x080098ff   Thumb Code    18  stm32f2xx_tim.o(.text)
    TIM_ForcedOC4Config                      0x08009911   Thumb Code    26  stm32f2xx_tim.o(.text)
    TIM_OC1PreloadConfig                     0x0800992b   Thumb Code    18  stm32f2xx_tim.o(.text)
    TIM_OC2PreloadConfig                     0x0800993d   Thumb Code    26  stm32f2xx_tim.o(.text)
    TIM_OC3PreloadConfig                     0x08009957   Thumb Code    18  stm32f2xx_tim.o(.text)
    TIM_OC4PreloadConfig                     0x08009969   Thumb Code    26  stm32f2xx_tim.o(.text)
    TIM_OC1FastConfig                        0x08009983   Thumb Code    18  stm32f2xx_tim.o(.text)
    TIM_OC2FastConfig                        0x08009995   Thumb Code    26  stm32f2xx_tim.o(.text)
    TIM_OC3FastConfig                        0x080099af   Thumb Code    18  stm32f2xx_tim.o(.text)
    TIM_OC4FastConfig                        0x080099c1   Thumb Code    26  stm32f2xx_tim.o(.text)
    TIM_ClearOC1Ref                          0x080099db   Thumb Code    18  stm32f2xx_tim.o(.text)
    TIM_ClearOC2Ref                          0x080099ed   Thumb Code    24  stm32f2xx_tim.o(.text)
    TIM_ClearOC3Ref                          0x08009a05   Thumb Code    18  stm32f2xx_tim.o(.text)
    TIM_ClearOC4Ref                          0x08009a17   Thumb Code    24  stm32f2xx_tim.o(.text)
    TIM_OC1PolarityConfig                    0x08009a2f   Thumb Code    18  stm32f2xx_tim.o(.text)
    TIM_OC1NPolarityConfig                   0x08009a41   Thumb Code    18  stm32f2xx_tim.o(.text)
    TIM_OC2PolarityConfig                    0x08009a53   Thumb Code    26  stm32f2xx_tim.o(.text)
    TIM_OC2NPolarityConfig                   0x08009a6d   Thumb Code    26  stm32f2xx_tim.o(.text)
    TIM_OC3PolarityConfig                    0x08009a87   Thumb Code    26  stm32f2xx_tim.o(.text)
    TIM_OC3NPolarityConfig                   0x08009aa1   Thumb Code    26  stm32f2xx_tim.o(.text)
    TIM_OC4PolarityConfig                    0x08009abb   Thumb Code    26  stm32f2xx_tim.o(.text)
    TIM_CCxCmd                               0x08009ad5   Thumb Code    30  stm32f2xx_tim.o(.text)
    TIM_CCxNCmd                              0x08009af3   Thumb Code    30  stm32f2xx_tim.o(.text)
    TIM_SetIC4Prescaler                      0x08009b11   Thumb Code    26  stm32f2xx_tim.o(.text)
    TIM_SetIC3Prescaler                      0x08009b7b   Thumb Code    18  stm32f2xx_tim.o(.text)
    TIM_SetIC2Prescaler                      0x08009bd5   Thumb Code    26  stm32f2xx_tim.o(.text)
    TIM_SetIC1Prescaler                      0x08009c49   Thumb Code    18  stm32f2xx_tim.o(.text)
    TIM_ICInit                               0x08009c95   Thumb Code   110  stm32f2xx_tim.o(.text)
    TIM_ICStructInit                         0x08009d03   Thumb Code    18  stm32f2xx_tim.o(.text)
    TIM_PWMIConfig                           0x08009d15   Thumb Code   124  stm32f2xx_tim.o(.text)
    TIM_GetCapture1                          0x08009d91   Thumb Code     6  stm32f2xx_tim.o(.text)
    TIM_GetCapture2                          0x08009d97   Thumb Code     6  stm32f2xx_tim.o(.text)
    TIM_GetCapture3                          0x08009d9d   Thumb Code     6  stm32f2xx_tim.o(.text)
    TIM_GetCapture4                          0x08009da3   Thumb Code     6  stm32f2xx_tim.o(.text)
    TIM_BDTRConfig                           0x08009da9   Thumb Code    32  stm32f2xx_tim.o(.text)
    TIM_BDTRStructInit                       0x08009dc9   Thumb Code    18  stm32f2xx_tim.o(.text)
    TIM_CtrlPWMOutputs                       0x08009ddb   Thumb Code    30  stm32f2xx_tim.o(.text)
    TIM_SelectCOM                            0x08009df9   Thumb Code    24  stm32f2xx_tim.o(.text)
    TIM_CCPreloadControl                     0x08009e11   Thumb Code    24  stm32f2xx_tim.o(.text)
    TIM_ITConfig                             0x08009e29   Thumb Code    18  stm32f2xx_tim.o(.text)
    TIM_GenerateEvent                        0x08009e3b   Thumb Code     4  stm32f2xx_tim.o(.text)
    TIM_GetFlagStatus                        0x08009e3f   Thumb Code    18  stm32f2xx_tim.o(.text)
    TIM_ClearFlag                            0x08009e51   Thumb Code     6  stm32f2xx_tim.o(.text)
    TIM_GetITStatus                          0x08009e57   Thumb Code    34  stm32f2xx_tim.o(.text)
    TIM_ClearITPendingBit                    0x08009e79   Thumb Code     6  stm32f2xx_tim.o(.text)
    TIM_DMAConfig                            0x08009e7f   Thumb Code    10  stm32f2xx_tim.o(.text)
    TIM_DMACmd                               0x08009e89   Thumb Code    18  stm32f2xx_tim.o(.text)
    TIM_SelectCCDMA                          0x08009e9b   Thumb Code    24  stm32f2xx_tim.o(.text)
    TIM_InternalClockConfig                  0x08009eb3   Thumb Code    12  stm32f2xx_tim.o(.text)
    TIM_SelectInputTrigger                   0x08009ebf   Thumb Code    18  stm32f2xx_tim.o(.text)
    TIM_ITRxExternalClockConfig              0x08009ed1   Thumb Code    24  stm32f2xx_tim.o(.text)
    TIM_TIxExternalClockConfig               0x08009ee9   Thumb Code    62  stm32f2xx_tim.o(.text)
    TIM_ETRConfig                            0x08009f27   Thumb Code    28  stm32f2xx_tim.o(.text)
    TIM_ETRClockMode1Config                  0x08009f43   Thumb Code    54  stm32f2xx_tim.o(.text)
    TIM_ETRClockMode2Config                  0x08009f79   Thumb Code    32  stm32f2xx_tim.o(.text)
    TIM_SelectOutputTrigger                  0x08009f99   Thumb Code    18  stm32f2xx_tim.o(.text)
    TIM_SelectSlaveMode                      0x08009fab   Thumb Code    18  stm32f2xx_tim.o(.text)
    TIM_SelectMasterSlaveMode                0x08009fbd   Thumb Code    18  stm32f2xx_tim.o(.text)
    TIM_EncoderInterfaceConfig               0x08009fcf   Thumb Code    66  stm32f2xx_tim.o(.text)
    TIM_SelectHallSensor                     0x0800a011   Thumb Code    24  stm32f2xx_tim.o(.text)
    TIM_RemapConfig                          0x0800a029   Thumb Code     6  stm32f2xx_tim.o(.text)
    I2C_DeInit                               0x0800a031   Thumb Code    82  stm32f2xx_i2c.o(.text)
    I2C_Init                                 0x0800a083   Thumb Code   218  stm32f2xx_i2c.o(.text)
    I2C_StructInit                           0x0800a15d   Thumb Code    30  stm32f2xx_i2c.o(.text)
    I2C_Cmd                                  0x0800a17b   Thumb Code    24  stm32f2xx_i2c.o(.text)
    I2C_GenerateSTART                        0x0800a193   Thumb Code    24  stm32f2xx_i2c.o(.text)
    I2C_GenerateSTOP                         0x0800a1ab   Thumb Code    24  stm32f2xx_i2c.o(.text)
    I2C_Send7bitAddress                      0x0800a1c3   Thumb Code    16  stm32f2xx_i2c.o(.text)
    I2C_AcknowledgeConfig                    0x0800a1d3   Thumb Code    24  stm32f2xx_i2c.o(.text)
    I2C_OwnAddress2Config                    0x0800a1eb   Thumb Code    22  stm32f2xx_i2c.o(.text)
    I2C_DualAddressCmd                       0x0800a201   Thumb Code    24  stm32f2xx_i2c.o(.text)
    I2C_GeneralCallCmd                       0x0800a219   Thumb Code    24  stm32f2xx_i2c.o(.text)
    I2C_SoftwareResetCmd                     0x0800a231   Thumb Code    22  stm32f2xx_i2c.o(.text)
    I2C_StretchClockCmd                      0x0800a247   Thumb Code    24  stm32f2xx_i2c.o(.text)
    I2C_FastModeDutyCycleConfig              0x0800a25f   Thumb Code    28  stm32f2xx_i2c.o(.text)
    I2C_NACKPositionConfig                   0x0800a27b   Thumb Code    28  stm32f2xx_i2c.o(.text)
    I2C_SMBusAlertConfig                     0x0800a297   Thumb Code    28  stm32f2xx_i2c.o(.text)
    I2C_ARPCmd                               0x0800a2b3   Thumb Code    24  stm32f2xx_i2c.o(.text)
    I2C_SendData                             0x0800a2cb   Thumb Code     4  stm32f2xx_i2c.o(.text)
    I2C_ReceiveData                          0x0800a2cf   Thumb Code     8  stm32f2xx_i2c.o(.text)
    I2C_TransmitPEC                          0x0800a2d7   Thumb Code    24  stm32f2xx_i2c.o(.text)
    I2C_PECPositionConfig                    0x0800a2ef   Thumb Code    28  stm32f2xx_i2c.o(.text)
    I2C_CalculatePEC                         0x0800a30b   Thumb Code    24  stm32f2xx_i2c.o(.text)
    I2C_GetPEC                               0x0800a323   Thumb Code     8  stm32f2xx_i2c.o(.text)
    I2C_DMACmd                               0x0800a32b   Thumb Code    24  stm32f2xx_i2c.o(.text)
    I2C_DMALastTransferCmd                   0x0800a343   Thumb Code    24  stm32f2xx_i2c.o(.text)
    I2C_ReadRegister                         0x0800a35b   Thumb Code    12  stm32f2xx_i2c.o(.text)
    I2C_ITConfig                             0x0800a367   Thumb Code    18  stm32f2xx_i2c.o(.text)
    I2C_CheckEvent                           0x0800a379   Thumb Code    42  stm32f2xx_i2c.o(.text)
    I2C_GetLastEvent                         0x0800a3a3   Thumb Code    26  stm32f2xx_i2c.o(.text)
    I2C_GetFlagStatus                        0x0800a3bd   Thumb Code    42  stm32f2xx_i2c.o(.text)
    I2C_ClearFlag                            0x0800a3e7   Thumb Code    12  stm32f2xx_i2c.o(.text)
    I2C_GetITStatus                          0x0800a3f3   Thumb Code    62  stm32f2xx_i2c.o(.text)
    I2C_ClearITPendingBit                    0x0800a431   Thumb Code    12  stm32f2xx_i2c.o(.text)
    IWDG_WriteAccessCmd                      0x0800a43d   Thumb Code     6  stm32f2xx_iwdg.o(.text)
    IWDG_SetPrescaler                        0x0800a443   Thumb Code     6  stm32f2xx_iwdg.o(.text)
    IWDG_SetReload                           0x0800a449   Thumb Code     6  stm32f2xx_iwdg.o(.text)
    IWDG_ReloadCounter                       0x0800a44f   Thumb Code    10  stm32f2xx_iwdg.o(.text)
    IWDG_Enable                              0x0800a459   Thumb Code    10  stm32f2xx_iwdg.o(.text)
    IWDG_GetFlagStatus                       0x0800a463   Thumb Code    20  stm32f2xx_iwdg.o(.text)
    SystemInit                               0x0800a527   Thumb Code    74  system_stm32f2xx.o(.text)
    SystemCoreClockUpdate                    0x0800a571   Thumb Code   174  system_stm32f2xx.o(.text)
    Reset_Handler                            0x0800a649   Thumb Code     8  startup_stm32f2xx.o(.text)
    ADC_IRQHandler                           0x0800a663   Thumb Code     0  startup_stm32f2xx.o(.text)
    CAN1_RX0_IRQHandler                      0x0800a663   Thumb Code     0  startup_stm32f2xx.o(.text)
    CAN1_RX1_IRQHandler                      0x0800a663   Thumb Code     0  startup_stm32f2xx.o(.text)
    CAN1_SCE_IRQHandler                      0x0800a663   Thumb Code     0  startup_stm32f2xx.o(.text)
    CAN1_TX_IRQHandler                       0x0800a663   Thumb Code     0  startup_stm32f2xx.o(.text)
    CAN2_RX0_IRQHandler                      0x0800a663   Thumb Code     0  startup_stm32f2xx.o(.text)
    CAN2_RX1_IRQHandler                      0x0800a663   Thumb Code     0  startup_stm32f2xx.o(.text)
    CAN2_SCE_IRQHandler                      0x0800a663   Thumb Code     0  startup_stm32f2xx.o(.text)
    CAN2_TX_IRQHandler                       0x0800a663   Thumb Code     0  startup_stm32f2xx.o(.text)
    CRYP_IRQHandler                          0x0800a663   Thumb Code     0  startup_stm32f2xx.o(.text)
    DCMI_IRQHandler                          0x0800a663   Thumb Code     0  startup_stm32f2xx.o(.text)
    DMA1_Stream0_IRQHandler                  0x0800a663   Thumb Code     0  startup_stm32f2xx.o(.text)
    DMA1_Stream1_IRQHandler                  0x0800a663   Thumb Code     0  startup_stm32f2xx.o(.text)
    DMA1_Stream2_IRQHandler                  0x0800a663   Thumb Code     0  startup_stm32f2xx.o(.text)
    DMA1_Stream3_IRQHandler                  0x0800a663   Thumb Code     0  startup_stm32f2xx.o(.text)
    DMA1_Stream4_IRQHandler                  0x0800a663   Thumb Code     0  startup_stm32f2xx.o(.text)
    DMA1_Stream5_IRQHandler                  0x0800a663   Thumb Code     0  startup_stm32f2xx.o(.text)
    DMA1_Stream6_IRQHandler                  0x0800a663   Thumb Code     0  startup_stm32f2xx.o(.text)
    DMA1_Stream7_IRQHandler                  0x0800a663   Thumb Code     0  startup_stm32f2xx.o(.text)
    DMA2_Stream1_IRQHandler                  0x0800a663   Thumb Code     0  startup_stm32f2xx.o(.text)
    DMA2_Stream2_IRQHandler                  0x0800a663   Thumb Code     0  startup_stm32f2xx.o(.text)
    DMA2_Stream3_IRQHandler                  0x0800a663   Thumb Code     0  startup_stm32f2xx.o(.text)
    DMA2_Stream4_IRQHandler                  0x0800a663   Thumb Code     0  startup_stm32f2xx.o(.text)
    DMA2_Stream5_IRQHandler                  0x0800a663   Thumb Code     0  startup_stm32f2xx.o(.text)
    DMA2_Stream6_IRQHandler                  0x0800a663   Thumb Code     0  startup_stm32f2xx.o(.text)
    DMA2_Stream7_IRQHandler                  0x0800a663   Thumb Code     0  startup_stm32f2xx.o(.text)
    ETH_IRQHandler                           0x0800a663   Thumb Code     0  startup_stm32f2xx.o(.text)
    ETH_WKUP_IRQHandler                      0x0800a663   Thumb Code     0  startup_stm32f2xx.o(.text)
    EXTI0_IRQHandler                         0x0800a663   Thumb Code     0  startup_stm32f2xx.o(.text)
    EXTI1_IRQHandler                         0x0800a663   Thumb Code     0  startup_stm32f2xx.o(.text)
    EXTI2_IRQHandler                         0x0800a663   Thumb Code     0  startup_stm32f2xx.o(.text)
    EXTI3_IRQHandler                         0x0800a663   Thumb Code     0  startup_stm32f2xx.o(.text)
    EXTI4_IRQHandler                         0x0800a663   Thumb Code     0  startup_stm32f2xx.o(.text)
    EXTI9_5_IRQHandler                       0x0800a663   Thumb Code     0  startup_stm32f2xx.o(.text)
    FLASH_IRQHandler                         0x0800a663   Thumb Code     0  startup_stm32f2xx.o(.text)
    FSMC_IRQHandler                          0x0800a663   Thumb Code     0  startup_stm32f2xx.o(.text)
    HASH_RNG_IRQHandler                      0x0800a663   Thumb Code     0  startup_stm32f2xx.o(.text)
    I2C1_ER_IRQHandler                       0x0800a663   Thumb Code     0  startup_stm32f2xx.o(.text)
    I2C1_EV_IRQHandler                       0x0800a663   Thumb Code     0  startup_stm32f2xx.o(.text)
    I2C2_ER_IRQHandler                       0x0800a663   Thumb Code     0  startup_stm32f2xx.o(.text)
    I2C2_EV_IRQHandler                       0x0800a663   Thumb Code     0  startup_stm32f2xx.o(.text)
    I2C3_ER_IRQHandler                       0x0800a663   Thumb Code     0  startup_stm32f2xx.o(.text)
    I2C3_EV_IRQHandler                       0x0800a663   Thumb Code     0  startup_stm32f2xx.o(.text)
    OTG_FS_IRQHandler                        0x0800a663   Thumb Code     0  startup_stm32f2xx.o(.text)
    OTG_FS_WKUP_IRQHandler                   0x0800a663   Thumb Code     0  startup_stm32f2xx.o(.text)
    OTG_HS_EP1_IN_IRQHandler                 0x0800a663   Thumb Code     0  startup_stm32f2xx.o(.text)
    OTG_HS_EP1_OUT_IRQHandler                0x0800a663   Thumb Code     0  startup_stm32f2xx.o(.text)
    OTG_HS_IRQHandler                        0x0800a663   Thumb Code     0  startup_stm32f2xx.o(.text)
    OTG_HS_WKUP_IRQHandler                   0x0800a663   Thumb Code     0  startup_stm32f2xx.o(.text)
    PVD_IRQHandler                           0x0800a663   Thumb Code     0  startup_stm32f2xx.o(.text)
    RCC_IRQHandler                           0x0800a663   Thumb Code     0  startup_stm32f2xx.o(.text)
    RTC_Alarm_IRQHandler                     0x0800a663   Thumb Code     0  startup_stm32f2xx.o(.text)
    RTC_WKUP_IRQHandler                      0x0800a663   Thumb Code     0  startup_stm32f2xx.o(.text)
    SDIO_IRQHandler                          0x0800a663   Thumb Code     0  startup_stm32f2xx.o(.text)
    SPI1_IRQHandler                          0x0800a663   Thumb Code     0  startup_stm32f2xx.o(.text)
    SPI2_IRQHandler                          0x0800a663   Thumb Code     0  startup_stm32f2xx.o(.text)
    SPI3_IRQHandler                          0x0800a663   Thumb Code     0  startup_stm32f2xx.o(.text)
    TAMP_STAMP_IRQHandler                    0x0800a663   Thumb Code     0  startup_stm32f2xx.o(.text)
    TIM1_BRK_TIM9_IRQHandler                 0x0800a663   Thumb Code     0  startup_stm32f2xx.o(.text)
    TIM1_CC_IRQHandler                       0x0800a663   Thumb Code     0  startup_stm32f2xx.o(.text)
    TIM1_TRG_COM_TIM11_IRQHandler            0x0800a663   Thumb Code     0  startup_stm32f2xx.o(.text)
    TIM1_UP_TIM10_IRQHandler                 0x0800a663   Thumb Code     0  startup_stm32f2xx.o(.text)
    TIM2_IRQHandler                          0x0800a663   Thumb Code     0  startup_stm32f2xx.o(.text)
    TIM3_IRQHandler                          0x0800a663   Thumb Code     0  startup_stm32f2xx.o(.text)
    TIM4_IRQHandler                          0x0800a663   Thumb Code     0  startup_stm32f2xx.o(.text)
    TIM5_IRQHandler                          0x0800a663   Thumb Code     0  startup_stm32f2xx.o(.text)
    TIM6_DAC_IRQHandler                      0x0800a663   Thumb Code     0  startup_stm32f2xx.o(.text)
    TIM7_IRQHandler                          0x0800a663   Thumb Code     0  startup_stm32f2xx.o(.text)
    TIM8_BRK_TIM12_IRQHandler                0x0800a663   Thumb Code     0  startup_stm32f2xx.o(.text)
    TIM8_CC_IRQHandler                       0x0800a663   Thumb Code     0  startup_stm32f2xx.o(.text)
    TIM8_TRG_COM_TIM14_IRQHandler            0x0800a663   Thumb Code     0  startup_stm32f2xx.o(.text)
    TIM8_UP_TIM13_IRQHandler                 0x0800a663   Thumb Code     0  startup_stm32f2xx.o(.text)
    USART2_IRQHandler                        0x0800a663   Thumb Code     0  startup_stm32f2xx.o(.text)
    USART6_IRQHandler                        0x0800a663   Thumb Code     0  startup_stm32f2xx.o(.text)
    WWDG_IRQHandler                          0x0800a663   Thumb Code     0  startup_stm32f2xx.o(.text)
    __user_initial_stackheap                 0x0800a665   Thumb Code     0  startup_stm32f2xx.o(.text)
    disk_initialize                          0x0800a689   Thumb Code    26  diskio.o(.text)
    disk_status                              0x0800a6a3   Thumb Code     6  diskio.o(.text)
    disk_read                                0x0800a6a9   Thumb Code    44  diskio.o(.text)
    disk_write                               0x0800a6d5   Thumb Code    44  diskio.o(.text)
    disk_ioctl                               0x0800a701   Thumb Code     6  diskio.o(.text)
    get_fattime                              0x0800a707   Thumb Code     4  diskio.o(.text)
    clust2sect                               0x0800a8b7   Thumb Code    26  ff.o(.text)
    get_fat                                  0x0800a8d1   Thumb Code   238  ff.o(.text)
    put_fat                                  0x0800a9bf   Thumb Code   332  ff.o(.text)
    gen_numname                              0x0800af77   Thumb Code   174  ff.o(.text)
    f_mount                                  0x0800bc1b   Thumb Code    58  ff.o(.text)
    f_open                                   0x0800bc55   Thumb Code   368  ff.o(.text)
    f_read                                   0x0800bdc5   Thumb Code   470  ff.o(.text)
    f_write                                  0x0800bf9b   Thumb Code   532  ff.o(.text)
    f_sync                                   0x0800c1af   Thumb Code   182  ff.o(.text)
    f_close                                  0x0800c265   Thumb Code    22  ff.o(.text)
    f_mkdir                                  0x0800c27b   Thumb Code   392  ff.o(.text)
    f_lseek                                  0x0800c403   Thumb Code   432  ff.o(.text)
    f_opendir                                0x0800c5b3   Thumb Code   118  ff.o(.text)
    f_readdir                                0x0800c629   Thumb Code   100  ff.o(.text)
    f_stat                                   0x0800c68d   Thumb Code    66  ff.o(.text)
    f_getfree                                0x0800c6cf   Thumb Code   284  ff.o(.text)
    f_truncate                               0x0800c7eb   Thumb Code   156  ff.o(.text)
    f_unlink                                 0x0800c887   Thumb Code   186  ff.o(.text)
    f_chmod                                  0x0800c941   Thumb Code    92  ff.o(.text)
    f_utime                                  0x0800c99d   Thumb Code    94  ff.o(.text)
    f_rename                                 0x0800c9fb   Thumb Code   296  ff.o(.text)
    ff_convert                               0x0800cb25   Thumb Code    70  ccsbcs.o(.text)
    ff_wtoupper                              0x0800cb6b   Thumb Code    46  ccsbcs.o(.text)
    __2sprintf                               0x0800cba5   Thumb Code    34  noretval__2sprintf.o(.text)
    __printf                                 0x0800cbcd   Thumb Code   106  __printf.o(.text)
    _printf_str                              0x0800cc37   Thumb Code    82  _printf_str.o(.text)
    __aeabi_memclr4                          0x0800cc89   Thumb Code     0  rt_memclr_w.o(.text)
    __aeabi_memclr8                          0x0800cc89   Thumb Code     0  rt_memclr_w.o(.text)
    __rt_memclr_w                            0x0800cc89   Thumb Code    78  rt_memclr_w.o(.text)
    _memset_w                                0x0800cc8d   Thumb Code     0  rt_memclr_w.o(.text)
    __use_two_region_memory                  0x0800ccd7   Thumb Code     2  heapauxi.o(.text)
    __rt_heap_escrow$2region                 0x0800ccd9   Thumb Code     2  heapauxi.o(.text)
    __rt_heap_expand$2region                 0x0800ccdb   Thumb Code     2  heapauxi.o(.text)
    __read_errno                             0x0800ccdd   Thumb Code    10  _rserrno.o(.text)
    __set_errno                              0x0800cce7   Thumb Code    12  _rserrno.o(.text)
    _printf_char_common                      0x0800ccff   Thumb Code    32  _printf_char_common.o(.text)
    _sputc                                   0x0800cd25   Thumb Code    10  _sputc.o(.text)
    _printf_cs_common                        0x0800cd2f   Thumb Code    20  _printf_char.o(.text)
    _printf_char                             0x0800cd43   Thumb Code    16  _printf_char.o(.text)
    _printf_string                           0x0800cd53   Thumb Code     8  _printf_char.o(.text)
    __aeabi_errno_addr                       0x0800cd5d   Thumb Code     8  rt_errno_addr_intlibspace.o(.text)
    __errno$intlibspace                      0x0800cd5d   Thumb Code     0  rt_errno_addr_intlibspace.o(.text)
    __rt_errno_addr$intlibspace              0x0800cd5d   Thumb Code     0  rt_errno_addr_intlibspace.o(.text)
    __user_libspace                          0x0800cd65   Thumb Code     8  libspace.o(.text)
    __user_perproc_libspace                  0x0800cd65   Thumb Code     0  libspace.o(.text)
    __user_perthread_libspace                0x0800cd65   Thumb Code     0  libspace.o(.text)
    __user_setup_stackheap                   0x0800cd6d   Thumb Code    74  sys_stackheap_outer.o(.text)
    exit                                     0x0800cdb7   Thumb Code    12  exit.o(.text)
    _sys_exit                                0x0800cdc5   Thumb Code     8  sys_exit.o(.text)
    __I$use$semihosting                      0x0800cdd1   Thumb Code     0  use_no_semi.o(.text)
    __use_no_semihosting_swi                 0x0800cdd1   Thumb Code     2  use_no_semi.o(.text)
    __ARM_fpclassify                         0x0800cdd3   Thumb Code    40  fpclassify.o(i.__ARM_fpclassify)
    __semihosting_library_function           0x0800cdd3   Thumb Code     0  indicate_semi.o(.text)
    __kernel_poly                            0x0800cdfb   Thumb Code   170  poly.o(i.__kernel_poly)
    __mathlib_dbl_underflow                  0x0800cea5   Thumb Code    10  dunder.o(i.__mathlib_dbl_underflow)
    atan                                     0x0800ceb5   Thumb Code   478  atan.o(i.atan)
    sqrt                                     0x0800d0d9   Thumb Code    78  sqrt.o(i.sqrt)
    __aeabi_d2f                              0x0800d129   Thumb Code     0  d2f.o(x$fpl$d2f)
    _d2f                                     0x0800d129   Thumb Code    98  d2f.o(x$fpl$d2f)
    __aeabi_dadd                             0x0800d18d   Thumb Code     0  daddsub_clz.o(x$fpl$dadd)
    _dadd                                    0x0800d18d   Thumb Code   332  daddsub_clz.o(x$fpl$dadd)
    __fpl_dcheck_NaN1                        0x0800d2dd   Thumb Code    10  dcheck1.o(x$fpl$dcheck1)
    __fpl_dcmp_Inf                           0x0800d2ed   Thumb Code    24  dcmpi.o(x$fpl$dcmpinf)
    __aeabi_ddiv                             0x0800d305   Thumb Code     0  ddiv.o(x$fpl$ddiv)
    _ddiv                                    0x0800d305   Thumb Code   552  ddiv.o(x$fpl$ddiv)
    __aeabi_d2iz                             0x0800d5b5   Thumb Code     0  dfix.o(x$fpl$dfix)
    _dfix                                    0x0800d5b5   Thumb Code    94  dfix.o(x$fpl$dfix)
    __aeabi_i2d                              0x0800d613   Thumb Code     0  dflt_clz.o(x$fpl$dflt)
    _dflt                                    0x0800d613   Thumb Code    46  dflt_clz.o(x$fpl$dflt)
    __aeabi_cdcmple                          0x0800d641   Thumb Code     0  dleqf.o(x$fpl$dleqf)
    _dcmple                                  0x0800d641   Thumb Code   120  dleqf.o(x$fpl$dleqf)
    __fpl_dcmple_InfNaN                      0x0800d6a3   Thumb Code     0  dleqf.o(x$fpl$dleqf)
    __aeabi_dmul                             0x0800d6b9   Thumb Code     0  dmul.o(x$fpl$dmul)
    _dmul                                    0x0800d6b9   Thumb Code   332  dmul.o(x$fpl$dmul)
    __fpl_dnaninf                            0x0800d80d   Thumb Code   156  dnaninf.o(x$fpl$dnaninf)
    __fpl_dretinf                            0x0800d8a9   Thumb Code    12  dretinf.o(x$fpl$dretinf)
    __aeabi_cdrcmple                         0x0800d8b5   Thumb Code     0  drleqf.o(x$fpl$drleqf)
    _drcmple                                 0x0800d8b5   Thumb Code   108  drleqf.o(x$fpl$drleqf)
    __aeabi_drsub                            0x0800d921   Thumb Code     0  daddsub_clz.o(x$fpl$drsb)
    _drsb                                    0x0800d921   Thumb Code    22  daddsub_clz.o(x$fpl$drsb)
    _dsqrt                                   0x0800d939   Thumb Code   456  dsqrt_noumaal.o(x$fpl$dsqrt)
    __aeabi_dsub                             0x0800db05   Thumb Code     0  daddsub_clz.o(x$fpl$dsub)
    _dsub                                    0x0800db05   Thumb Code   464  daddsub_clz.o(x$fpl$dsub)
    __aeabi_f2d                              0x0800dcd9   Thumb Code     0  f2d.o(x$fpl$f2d)
    _f2d                                     0x0800dcd9   Thumb Code    86  f2d.o(x$fpl$f2d)
    __aeabi_fadd                             0x0800dd31   Thumb Code     0  faddsub_clz.o(x$fpl$fadd)
    _fadd                                    0x0800dd31   Thumb Code   196  faddsub_clz.o(x$fpl$fadd)
    __aeabi_fmul                             0x0800ddf5   Thumb Code     0  fmul.o(x$fpl$fmul)
    _fmul                                    0x0800ddf5   Thumb Code   258  fmul.o(x$fpl$fmul)
    __fpl_fnaninf                            0x0800def7   Thumb Code   140  fnaninf.o(x$fpl$fnaninf)
    __fpl_fretinf                            0x0800df83   Thumb Code    10  fretinf.o(x$fpl$fretinf)
    __aeabi_fsub                             0x0800df8d   Thumb Code     0  faddsub_clz.o(x$fpl$fsub)
    _fsub                                    0x0800df8d   Thumb Code   234  faddsub_clz.o(x$fpl$fsub)
    __fpl_return_NaN                         0x0800e077   Thumb Code   100  retnan.o(x$fpl$retnan)
    __ARM_scalbn                             0x0800e0db   Thumb Code    92  scalbn.o(x$fpl$scalbn)
    __fpl_cmpreturn                          0x0800e137   Thumb Code    48  trapv.o(x$fpl$trapveneer)
    __I$use$fp                               0x0800e166   Number         0  usenofp.o(x$fpl$usenofp)
    wCRCTalbeAbs                             0x0800e166   Data          32  crc16.o(.constdata)
    Region$$Table$$Base                      0x0800e7b0   Number         0  anon$$obj.o(Region$$Table)
    Region$$Table$$Limit                     0x0800e7d0   Number         0  anon$$obj.o(Region$$Table)
    Water_power                              0x20000000   Data           1  main.o(.data)
    FileNum                                  0x20000001   Data           1  main.o(.data)
    waterontime                              0x20000004   Data           4  main.o(.data)
    megontime                                0x20000008   Data           4  main.o(.data)
    wateron                                  0x2000000c   Data           4  main.o(.data)
    megon                                    0x20000010   Data           4  main.o(.data)
    detectfeedback                           0x20000014   Data           1  main.o(.data)
    detect                                   0x20000015   Data           1  main.o(.data)
    ControlBoardID                           0x20000016   Data           1  main.o(.data)
    WriteReadAddr                            0x20000018   Data           6  main.o(.data)
    tongbu                                   0x2000001e   Data           1  main.o(.data)
    feedcom                                  0x2000001f   Data           1  main.o(.data)
    flag_rx                                  0x20000020   Data           1  stm32f2xx_it.o(.data)
    REC485CNT                                0x20000021   Data           1  stm32f2xx_it.o(.data)
    usart1count                              0x20000022   Data           1  stm32f2xx_it.o(.data)
    usart3count                              0x20000023   Data           1  stm32f2xx_it.o(.data)
    uart4count                               0x20000024   Data           1  stm32f2xx_it.o(.data)
    megdatalen                               0x20000025   Data           1  stm32f2xx_it.o(.data)
    data485len                               0x20000026   Data           1  stm32f2xx_it.o(.data)
    waterdatalen                             0x20000027   Data           1  stm32f2xx_it.o(.data)
    Rxmegflag                                0x20000028   Data           1  stm32f2xx_it.o(.data)
    Rxwaterflag                              0x20000029   Data           1  stm32f2xx_it.o(.data)
    GPS_Counter                              0x2000002a   Data           1  stm32f2xx_it.o(.data)
    Data_correctly_flag                      0x2000002b   Data           1  stm32f2xx_it.o(.data)
    i                                        0x2000002c   Data           1  stm32f2xx_it.o(.data)
    watersendcomplet                         0x2000002d   Data           1  stm32f2xx_it.o(.data)
    watersendfall                            0x2000002e   Data           1  stm32f2xx_it.o(.data)
    RX_uart4flag                             0x2000002f   Data           1  stm32f2xx_it.o(.data)
    pressuretest                             0x20000030   Data           2  stm32f2xx_it.o(.data)
    batterytest                              0x20000032   Data           2  stm32f2xx_it.o(.data)
    currenttest                              0x20000034   Data           2  stm32f2xx_it.o(.data)
    usart1data                               0x20000036   Data           1  stm32f2xx_it.o(.data)
    usart3data                               0x20000037   Data           1  stm32f2xx_it.o(.data)
    FromJiaBanA                              0x2000003c   Data           1  response.o(.data)
    ZTtime                                   0x20000040   Data           4  response.o(.data)
    zttimeflag                               0x20000044   Data           1  response.o(.data)
    time                                     0x20000046   Data           2  response.o(.data)
    tongbucount                              0x20000048   Data           1  response.o(.data)
    ComFromJiaBan                            0x20000049   Data           1  response.o(.data)
    storagecnt                               0x2000004a   Data           1  response.o(.data)
    release                                  0x2000004b   Data           1  response.o(.data)
    sendtowater                              0x2000004c   Data           1  response.o(.data)
    RTC_ARR                                  0x2000004d   Data           8  response.o(.data)
    RTC_Time                                 0x20000056   Data           5  nand_wr.o(.data)
    log_len                                  0x2000005c   Data           2  nand_wr.o(.data)
    SD_Type                                  0x2000005e   Data           1  mmc_sd.o(.data)
    CCR3_Val                                 0x20000060   Data           2  megdriver.o(.data)
    TIM4_CCR3_Val                            0x20000062   Data           2  gpssource.o(.data)
    FilterI                                  0x20000064   Data           1  adxl345.o(.data)
    BUF                                      0x20000065   Data           8  adxl345.o(.data)
    ge                                       0x2000006d   Data           1  adxl345.o(.data)
    shi                                      0x2000006e   Data           1  adxl345.o(.data)
    bai                                      0x2000006f   Data           1  adxl345.o(.data)
    qian                                     0x20000070   Data           1  adxl345.o(.data)
    wan                                      0x20000071   Data           1  adxl345.o(.data)
    dis_data                                 0x20000072   Data           2  adxl345.o(.data)
    GPIO_InitStructure                       0x20000074   Data           8  adxl345.o(.data)
    GPSPoint_4                               0x2000007c   Data           2  gpstime.o(.data)
    Rec_Len                                  0x20000080   Data           4  gpstime.o(.data)
    jingdu                                   0x20000084   Data           4  gpstime.o(.data)
    weidu                                    0x20000088   Data           4  gpstime.o(.data)
    s1                                       0x2000008c   Data           1  gpstime.o(.data)
    s2                                       0x2000008d   Data           1  gpstime.o(.data)
    s3                                       0x2000008e   Data           1  gpstime.o(.data)
    s4                                       0x2000008f   Data           1  gpstime.o(.data)
    Hour                                     0x20000090   Data           1  gpstime.o(.data)
    Min                                      0x20000091   Data           1  gpstime.o(.data)
    Sec                                      0x20000092   Data           1  gpstime.o(.data)
    Day                                      0x20000093   Data           1  gpstime.o(.data)
    Month                                    0x20000094   Data           1  gpstime.o(.data)
    Year                                     0x20000095   Data           1  gpstime.o(.data)
    GPS_VA                                   0x20000096   Data           1  gpstime.o(.data)
    weidu_dir                                0x20000097   Data           1  gpstime.o(.data)
    jingdu_dir                               0x20000098   Data           1  gpstime.o(.data)
    SystemCoreClock                          0x200000ac   Data           4  system_stm32f2xx.o(.data)
    AHBPrescTable                            0x200000b0   Data          16  system_stm32f2xx.o(.data)
    lc_data                                  0x200000c8   Data          44  main.o(.bss)
    dp_data                                  0x200000f4   Data          44  main.o(.bss)
    fs                                       0x20000120   Data         560  main.o(.bss)
    REC485                                   0x20000350   Data         400  stm32f2xx_it.o(.bss)
    inputmegstr                              0x200004e0   Data         137  stm32f2xx_it.o(.bss)
    inputwaterstr                            0x20000569   Data           9  stm32f2xx_it.o(.bss)
    input485str                              0x20000572   Data          14  stm32f2xx_it.o(.bss)
    ADCConvertedValue                        0x20000580   Data          24  adc.o(.bss)
    read_log_buffer                          0x20000598   Data          28  response.o(.bss)
    fsrc                                     0x200005b4   Data         548  response.o(.bss)
    fileztp                                  0x200007d8   Data          25  response.o(.bss)
    GPS_Buf                                  0x200007f1   Data         400  gpstime.o(.bss)
    __libspace_start                         0x20000984   Data          96  libspace.o(.bss)
    __temporary_stack_top$libspace           0x200009e4   Data           0  libspace.o(.bss)



==============================================================================

Memory Map of the image

  Image Entry point : 0x08000185

  Load Region LR_IROM1 (Base: 0x08000000, Size: 0x0000e898, Max: 0x00100000, ABSOLUTE)

    Execution Region ER_IROM1 (Base: 0x08000000, Size: 0x0000e7d0, Max: 0x00100000, ABSOLUTE)

    Base Addr    Size         Type   Attr      Idx    E Section Name        Object

    0x08000000   0x00000184   Data   RO          911    RESET               startup_stm32f2xx.o
    0x08000184   0x00000008   Code   RO         1085  * !!!main             c_w.l(__main.o)
    0x0800018c   0x00000034   Code   RO         1338    !!!scatter          c_w.l(__scatter.o)
    0x080001c0   0x0000001a   Code   RO         1340    !!handler_copy      c_w.l(__scatter_copy.o)
    0x080001da   0x00000002   PAD
    0x080001dc   0x0000001c   Code   RO         1342    !!handler_zi        c_w.l(__scatter_zi.o)
    0x080001f8   0x00000000   Code   RO         1080    .ARM.Collect$$_printf_percent$$00000000  c_w.l(_printf_percent.o)
    0x080001f8   0x00000006   Code   RO         1079    .ARM.Collect$$_printf_percent$$00000014  c_w.l(_printf_s.o)
    0x080001fe   0x00000004   Code   RO         1152    .ARM.Collect$$_printf_percent$$00000017  c_w.l(_printf_percent_end.o)
    0x08000202   0x00000002   Code   RO         1210    .ARM.Collect$$libinit$$00000000  c_w.l(libinit.o)
    0x08000204   0x00000000   Code   RO         1216    .ARM.Collect$$libinit$$00000002  c_w.l(libinit2.o)
    0x08000204   0x00000000   Code   RO         1219    .ARM.Collect$$libinit$$00000008  c_w.l(libinit2.o)
    0x08000204   0x00000000   Code   RO         1221    .ARM.Collect$$libinit$$0000000A  c_w.l(libinit2.o)
    0x08000204   0x00000000   Code   RO         1223    .ARM.Collect$$libinit$$0000000C  c_w.l(libinit2.o)
    0x08000204   0x00000000   Code   RO         1226    .ARM.Collect$$libinit$$0000000F  c_w.l(libinit2.o)
    0x08000204   0x00000000   Code   RO         1228    .ARM.Collect$$libinit$$00000011  c_w.l(libinit2.o)
    0x08000204   0x00000000   Code   RO         1230    .ARM.Collect$$libinit$$00000013  c_w.l(libinit2.o)
    0x08000204   0x00000000   Code   RO         1232    .ARM.Collect$$libinit$$00000015  c_w.l(libinit2.o)
    0x08000204   0x00000000   Code   RO         1234    .ARM.Collect$$libinit$$00000017  c_w.l(libinit2.o)
    0x08000204   0x00000000   Code   RO         1236    .ARM.Collect$$libinit$$00000019  c_w.l(libinit2.o)
    0x08000204   0x00000000   Code   RO         1238    .ARM.Collect$$libinit$$0000001B  c_w.l(libinit2.o)
    0x08000204   0x00000000   Code   RO         1240    .ARM.Collect$$libinit$$0000001D  c_w.l(libinit2.o)
    0x08000204   0x00000000   Code   RO         1242    .ARM.Collect$$libinit$$0000001F  c_w.l(libinit2.o)
    0x08000204   0x00000000   Code   RO         1244    .ARM.Collect$$libinit$$00000021  c_w.l(libinit2.o)
    0x08000204   0x00000000   Code   RO         1246    .ARM.Collect$$libinit$$00000023  c_w.l(libinit2.o)
    0x08000204   0x00000000   Code   RO         1250    .ARM.Collect$$libinit$$0000002A  c_w.l(libinit2.o)
    0x08000204   0x00000000   Code   RO         1252    .ARM.Collect$$libinit$$0000002C  c_w.l(libinit2.o)
    0x08000204   0x00000000   Code   RO         1254    .ARM.Collect$$libinit$$0000002E  c_w.l(libinit2.o)
    0x08000204   0x00000000   Code   RO         1256    .ARM.Collect$$libinit$$00000030  c_w.l(libinit2.o)
    0x08000204   0x00000002   Code   RO         1257    .ARM.Collect$$libinit$$00000031  c_w.l(libinit2.o)
    0x08000206   0x00000002   Code   RO         1279    .ARM.Collect$$libshutdown$$00000000  c_w.l(libshutdown.o)
    0x08000208   0x00000000   Code   RO         1293    .ARM.Collect$$libshutdown$$00000003  c_w.l(libshutdown2.o)
    0x08000208   0x00000000   Code   RO         1296    .ARM.Collect$$libshutdown$$00000006  c_w.l(libshutdown2.o)
    0x08000208   0x00000000   Code   RO         1299    .ARM.Collect$$libshutdown$$00000009  c_w.l(libshutdown2.o)
    0x08000208   0x00000000   Code   RO         1301    .ARM.Collect$$libshutdown$$0000000B  c_w.l(libshutdown2.o)
    0x08000208   0x00000000   Code   RO         1304    .ARM.Collect$$libshutdown$$0000000E  c_w.l(libshutdown2.o)
    0x08000208   0x00000002   Code   RO         1305    .ARM.Collect$$libshutdown$$0000000F  c_w.l(libshutdown2.o)
    0x0800020a   0x00000000   Code   RO         1143    .ARM.Collect$$rtentry$$00000000  c_w.l(rtentry.o)
    0x0800020a   0x00000000   Code   RO         1175    .ARM.Collect$$rtentry$$00000002  c_w.l(rtentry2.o)
    0x0800020a   0x00000006   Code   RO         1187    .ARM.Collect$$rtentry$$00000004  c_w.l(rtentry4.o)
    0x08000210   0x00000000   Code   RO         1177    .ARM.Collect$$rtentry$$00000009  c_w.l(rtentry2.o)
    0x08000210   0x00000004   Code   RO         1178    .ARM.Collect$$rtentry$$0000000A  c_w.l(rtentry2.o)
    0x08000214   0x00000000   Code   RO         1180    .ARM.Collect$$rtentry$$0000000C  c_w.l(rtentry2.o)
    0x08000214   0x00000008   Code   RO         1181    .ARM.Collect$$rtentry$$0000000D  c_w.l(rtentry2.o)
    0x0800021c   0x00000002   Code   RO         1213    .ARM.Collect$$rtexit$$00000000  c_w.l(rtexit.o)
    0x0800021e   0x00000000   Code   RO         1261    .ARM.Collect$$rtexit$$00000002  c_w.l(rtexit2.o)
    0x0800021e   0x00000004   Code   RO         1262    .ARM.Collect$$rtexit$$00000003  c_w.l(rtexit2.o)
    0x08000222   0x00000006   Code   RO         1263    .ARM.Collect$$rtexit$$00000004  c_w.l(rtexit2.o)
    0x08000228   0x00000bf0   Code   RO            2    .text               main.o
    0x08000e18   0x0000052c   Code   RO          208    .text               stm32f2xx_it.o
    0x08001344   0x00000160   Code   RO          232    .text               adc.o
    0x080014a4   0x000000a0   Code   RO          251    .text               systick.o
    0x08001544   0x000002c8   Code   RO          363    .text               usart.o
    0x0800180c   0x0000076c   Code   RO          379    .text               fsmc_nand.o
    0x08001f78   0x000000b8   Code   RO          402    .text               crc16.o
    0x08002030   0x00002adc   Code   RO          421    .text               response.o
    0x08004b0c   0x000002fc   Code   RO          443    .text               nand_wr.o
    0x08004e08   0x00000054   Code   RO          463    .text               led.o
    0x08004e5c   0x0000051c   Code   RO          479    .text               mmc_sd.o
    0x08005378   0x00000164   Code   RO          501    .text               spi1.o
    0x080054dc   0x00000144   Code   RO          520    .text               megdriver.o
    0x08005620   0x000003e4   Code   RO          539    .text               m41t81.o
    0x08005a04   0x0000017c   Code   RO          555    .text               dht11.o
    0x08005b80   0x00000150   Code   RO          571    .text               gpssource.o
    0x08005cd0   0x00000f10   Code   RO          590    .text               adxl345.o
    0x08006be0   0x000001a0   Code   RO          610    .text               wireless.o
    0x08006d80   0x0000002c   Code   RO          626    .text               iwdg.o
    0x08006dac   0x000005a8   Code   RO          642    .text               gpstime.o
    0x08007354   0x000000e4   Code   RO          662    .text               misc.o
    0x08007438   0x0000045e   Code   RO          678    .text               stm32f2xx_adc.o
    0x08007896   0x00000002   PAD
    0x08007898   0x000003a4   Code   RO          694    .text               stm32f2xx_dma.o
    0x08007c3c   0x0000041a   Code   RO          710    .text               stm32f2xx_usart.o
    0x08008056   0x00000002   PAD
    0x08008058   0x00000580   Code   RO          726    .text               stm32f2xx_rcc.o
    0x080085d8   0x0000024c   Code   RO          744    .text               stm32f2xx_gpio.o
    0x08008824   0x0000061c   Code   RO          760    .text               stm32f2xx_fsmc.o
    0x08008e40   0x000003a4   Code   RO          776    .text               stm32f2xx_spi.o
    0x080091e4   0x0000008c   Code   RO          792    .text               stm32f2xx_syscfg.o
    0x08009270   0x0000011c   Code   RO          808    .text               stm32f2xx_exti.o
    0x0800938c   0x00000ca2   Code   RO          824    .text               stm32f2xx_tim.o
    0x0800a02e   0x00000002   PAD
    0x0800a030   0x0000040c   Code   RO          840    .text               stm32f2xx_i2c.o
    0x0800a43c   0x00000040   Code   RO          856    .text               stm32f2xx_iwdg.o
    0x0800a47c   0x000001cc   Code   RO          888    .text               system_stm32f2xx.o
    0x0800a648   0x00000040   Code   RO          912    .text               startup_stm32f2xx.o
    0x0800a688   0x00000082   Code   RO          917    .text               diskio.o
    0x0800a70a   0x00000002   PAD
    0x0800a70c   0x00002416   Code   RO          999    .text               ff.o
    0x0800cb22   0x00000002   PAD
    0x0800cb24   0x00000080   Code   RO         1026    .text               ccsbcs.o
    0x0800cba4   0x00000028   Code   RO         1053    .text               c_w.l(noretval__2sprintf.o)
    0x0800cbcc   0x0000006a   Code   RO         1055    .text               c_w.l(__printf.o)
    0x0800cc36   0x00000052   Code   RO         1057    .text               c_w.l(_printf_str.o)
    0x0800cc88   0x0000004e   Code   RO         1081    .text               c_w.l(rt_memclr_w.o)
    0x0800ccd6   0x00000006   Code   RO         1083    .text               c_w.l(heapauxi.o)
    0x0800ccdc   0x00000016   Code   RO         1144    .text               c_w.l(_rserrno.o)
    0x0800ccf2   0x00000002   PAD
    0x0800ccf4   0x00000030   Code   RO         1146    .text               c_w.l(_printf_char_common.o)
    0x0800cd24   0x0000000a   Code   RO         1148    .text               c_w.l(_sputc.o)
    0x0800cd2e   0x0000002c   Code   RO         1150    .text               c_w.l(_printf_char.o)
    0x0800cd5a   0x00000002   PAD
    0x0800cd5c   0x00000008   Code   RO         1192    .text               c_w.l(rt_errno_addr_intlibspace.o)
    0x0800cd64   0x00000008   Code   RO         1198    .text               c_w.l(libspace.o)
    0x0800cd6c   0x0000004a   Code   RO         1201    .text               c_w.l(sys_stackheap_outer.o)
    0x0800cdb6   0x0000000c   Code   RO         1203    .text               c_w.l(exit.o)
    0x0800cdc2   0x00000002   PAD
    0x0800cdc4   0x0000000c   Code   RO         1271    .text               c_w.l(sys_exit.o)
    0x0800cdd0   0x00000002   Code   RO         1282    .text               c_w.l(use_no_semi.o)
    0x0800cdd2   0x00000000   Code   RO         1284    .text               c_w.l(indicate_semi.o)
    0x0800cdd2   0x00000028   Code   RO         1170    i.__ARM_fpclassify  m_ws.l(fpclassify.o)
    0x0800cdfa   0x000000aa   Code   RO         1172    i.__kernel_poly     m_ws.l(poly.o)
    0x0800cea4   0x00000010   Code   RO         1168    i.__mathlib_dbl_underflow  m_ws.l(dunder.o)
    0x0800ceb4   0x00000224   Code   RO         1126    i.atan              m_ws.l(atan.o)
    0x0800d0d8   0x0000004e   Code   RO         1136    i.sqrt              m_ws.l(sqrt.o)
    0x0800d126   0x00000002   PAD
    0x0800d128   0x00000062   Code   RO         1087    x$fpl$d2f           fz_ws.l(d2f.o)
    0x0800d18a   0x00000002   PAD
    0x0800d18c   0x00000150   Code   RO         1089    x$fpl$dadd          fz_ws.l(daddsub_clz.o)
    0x0800d2dc   0x00000010   Code   RO         1196    x$fpl$dcheck1       fz_ws.l(dcheck1.o)
    0x0800d2ec   0x00000018   Code   RO         1153    x$fpl$dcmpinf       fz_ws.l(dcmpi.o)
    0x0800d304   0x000002b0   Code   RO         1096    x$fpl$ddiv          fz_ws.l(ddiv.o)
    0x0800d5b4   0x0000005e   Code   RO         1099    x$fpl$dfix          fz_ws.l(dfix.o)
    0x0800d612   0x0000002e   Code   RO         1104    x$fpl$dflt          fz_ws.l(dflt_clz.o)
    0x0800d640   0x00000078   Code   RO         1109    x$fpl$dleqf         fz_ws.l(dleqf.o)
    0x0800d6b8   0x00000154   Code   RO         1111    x$fpl$dmul          fz_ws.l(dmul.o)
    0x0800d80c   0x0000009c   Code   RO         1155    x$fpl$dnaninf       fz_ws.l(dnaninf.o)
    0x0800d8a8   0x0000000c   Code   RO         1157    x$fpl$dretinf       fz_ws.l(dretinf.o)
    0x0800d8b4   0x0000006c   Code   RO         1113    x$fpl$drleqf        fz_ws.l(drleqf.o)
    0x0800d920   0x00000016   Code   RO         1090    x$fpl$drsb          fz_ws.l(daddsub_clz.o)
    0x0800d936   0x00000002   PAD
    0x0800d938   0x000001cc   Code   RO         1159    x$fpl$dsqrt         fz_ws.l(dsqrt_noumaal.o)
    0x0800db04   0x000001d4   Code   RO         1091    x$fpl$dsub          fz_ws.l(daddsub_clz.o)
    0x0800dcd8   0x00000056   Code   RO         1115    x$fpl$f2d           fz_ws.l(f2d.o)
    0x0800dd2e   0x00000002   PAD
    0x0800dd30   0x000000c4   Code   RO         1117    x$fpl$fadd          fz_ws.l(faddsub_clz.o)
    0x0800ddf4   0x00000102   Code   RO         1123    x$fpl$fmul          fz_ws.l(fmul.o)
    0x0800def6   0x0000008c   Code   RO         1161    x$fpl$fnaninf       fz_ws.l(fnaninf.o)
    0x0800df82   0x0000000a   Code   RO         1163    x$fpl$fretinf       fz_ws.l(fretinf.o)
    0x0800df8c   0x000000ea   Code   RO         1119    x$fpl$fsub          fz_ws.l(faddsub_clz.o)
    0x0800e076   0x00000064   Code   RO         1211    x$fpl$retnan        fz_ws.l(retnan.o)
    0x0800e0da   0x0000005c   Code   RO         1165    x$fpl$scalbn        fz_ws.l(scalbn.o)
    0x0800e136   0x00000030   Code   RO         1258    x$fpl$trapveneer    fz_ws.l(trapv.o)
    0x0800e166   0x00000000   Code   RO         1167    x$fpl$usenofp       fz_ws.l(usenofp.o)
    0x0800e166   0x00000020   Data   RO          403    .constdata          crc16.o
    0x0800e186   0x00000002   PAD
    0x0800e188   0x0000003e   Data   RO          423    .constdata          response.o
    0x0800e1c6   0x0000008d   Data   RO         1000    .constdata          ff.o
    0x0800e253   0x00000001   PAD
    0x0800e254   0x000004c0   Data   RO         1027    .constdata          ccsbcs.o
    0x0800e714   0x00000004   PAD
    0x0800e718   0x00000098   Data   RO         1127    .constdata          m_ws.l(atan.o)
    0x0800e7b0   0x00000020   Data   RO         1336    Region$$Table       anon$$obj.o


    Execution Region RW_IRAM1 (Base: 0x20000000, Size: 0x000015e8, Max: 0x00020000, ABSOLUTE)

    Base Addr    Size         Type   Attr      Idx    E Section Name        Object

    0x20000000   0x00000020   Data   RW            4    .data               main.o
    0x20000020   0x00000018   Data   RW          210    .data               stm32f2xx_it.o
    0x20000038   0x00000004   Data   RW          252    .data               systick.o
    0x2000003c   0x00000019   Data   RW          424    .data               response.o
    0x20000055   0x00000001   PAD
    0x20000056   0x00000008   Data   RW          444    .data               nand_wr.o
    0x2000005e   0x00000001   Data   RW          480    .data               mmc_sd.o
    0x2000005f   0x00000001   PAD
    0x20000060   0x00000002   Data   RW          521    .data               megdriver.o
    0x20000062   0x00000002   Data   RW          572    .data               gpssource.o
    0x20000064   0x00000018   Data   RW          591    .data               adxl345.o
    0x2000007c   0x0000001d   Data   RW          644    .data               gpstime.o
    0x20000099   0x00000010   Data   RW          727    .data               stm32f2xx_rcc.o
    0x200000a9   0x00000003   PAD
    0x200000ac   0x00000014   Data   RW          889    .data               system_stm32f2xx.o
    0x200000c0   0x00000006   Data   RW         1001    .data               ff.o
    0x200000c6   0x00000002   PAD
    0x200000c8   0x00000288   Zero   RW            3    .bss                main.o
    0x20000350   0x00000230   Zero   RW          209    .bss                stm32f2xx_it.o
    0x20000580   0x00000018   Zero   RW          233    .bss                adc.o
    0x20000598   0x00000259   Zero   RW          422    .bss                response.o
    0x200007f1   0x00000190   Zero   RW          643    .bss                gpstime.o
    0x20000981   0x00000003   PAD
    0x20000984   0x00000060   Zero   RW         1199    .bss                c_w.l(libspace.o)
    0x200009e4   0x00000004   PAD
    0x200009e8   0x00000800   Zero   RW          910    HEAP                startup_stm32f2xx.o
    0x200011e8   0x00000400   Zero   RW          909    STACK               startup_stm32f2xx.o


==============================================================================

Image component sizes


      Code (inc. data)   RO Data    RW Data    ZI Data      Debug   Object Name

       352         16          0          0         24       1364   adc.o
      3856        108          0         24          0       7602   adxl345.o
       128         12       1216          0          0       1829   ccsbcs.o
       184          6         32          0          0       1676   crc16.o
       380          4          0          0          0       1555   dht11.o
       130          0          0          0          0       3214   diskio.o
      9238         52        141          6          0      28384   ff.o
      1900         36          0          0          0       7003   fsmc_nand.o
       336         22          0          2          0       1376   gpssource.o
      1448        126          0         29        400       2423   gpstime.o
        44          0          0          0          0        602   iwdg.o
        84          8          0          0          0        478   led.o
       996         20          0          0          0       2452   m41t81.o
      3056        236          0         32        648     304898   main.o
       324         20          0          2          0       1354   megdriver.o
       228         22          0          0          0       1741   misc.o
      1308         16          0          1          0       5426   mmc_sd.o
       764         26          0          8          0       1900   nand_wr.o
     10972        764         62         25        601      16507   response.o
       356          8          0          0          0       1201   spi1.o
        64         26        388          0       3072        832   startup_stm32f2xx.o
      1118         28          0          0          0      10186   stm32f2xx_adc.o
       932         32          0          0          0       6169   stm32f2xx_dma.o
       284         10          0          0          0       2171   stm32f2xx_exti.o
      1564         58          0          0          0       5287   stm32f2xx_fsmc.o
       588         36          0          0          0       3825   stm32f2xx_gpio.o
      1036         24          0          0          0       7863   stm32f2xx_i2c.o
      1324        186          0         24        560       4575   stm32f2xx_it.o
        64          6          0          0          0       1245   stm32f2xx_iwdg.o
      1408         48          0         16          0      10787   stm32f2xx_rcc.o
       932         22          0          0          0       6236   stm32f2xx_spi.o
       140         12          0          0          0       1495   stm32f2xx_syscfg.o
      3234         60          0          0          0      22076   stm32f2xx_tim.o
      1050         26          0          0          0       7548   stm32f2xx_usart.o
       460         42          0         20          0       1915   system_stm32f2xx.o
       160         20          0          4          0     115786   systick.o
       712         34          0          0          0       1765   usart.o
       416         12          0          0          0       1186   wireless.o

    ----------------------------------------------------------------------
     51580       2184       1878        200       5308     603932   Object Totals
         0          0         32          0          0          0   (incl. Generated)
        10          0          7          7          3          0   (incl. Padding)

    ----------------------------------------------------------------------

      Code (inc. data)   RO Data    RW Data    ZI Data      Debug   Library Member Name

         8          0          0          0          0         68   __main.o
       106          0          0          0          0         84   __printf.o
        52          8          0          0          0          0   __scatter.o
        26          0          0          0          0          0   __scatter_copy.o
        28          0          0          0          0          0   __scatter_zi.o
        44          0          0          0          0        108   _printf_char.o
        48          6          0          0          0         96   _printf_char_common.o
         0          0          0          0          0          0   _printf_percent.o
         4          0          0          0          0          0   _printf_percent_end.o
         6          0          0          0          0          0   _printf_s.o
        82          0          0          0          0         80   _printf_str.o
        22          0          0          0          0        100   _rserrno.o
        10          0          0          0          0         68   _sputc.o
        12          0          0          0          0         72   exit.o
         6          0          0          0          0        152   heapauxi.o
         0          0          0          0          0          0   indicate_semi.o
         2          0          0          0          0          0   libinit.o
         2          0          0          0          0          0   libinit2.o
         2          0          0          0          0          0   libshutdown.o
         2          0          0          0          0          0   libshutdown2.o
         8          4          0          0         96         68   libspace.o
        40          6          0          0          0         84   noretval__2sprintf.o
         8          4          0          0          0         68   rt_errno_addr_intlibspace.o
        78          0          0          0          0         80   rt_memclr_w.o
         0          0          0          0          0          0   rtentry.o
        12          0          0          0          0          0   rtentry2.o
         6          0          0          0          0          0   rtentry4.o
         2          0          0          0          0          0   rtexit.o
        10          0          0          0          0          0   rtexit2.o
        12          4          0          0          0         68   sys_exit.o
        74          0          0          0          0         80   sys_stackheap_outer.o
         2          0          0          0          0         68   use_no_semi.o
        98          4          0          0          0         92   d2f.o
       826         16          0          0          0        356   daddsub_clz.o
        16          4          0          0          0         68   dcheck1.o
        24          0          0          0          0         68   dcmpi.o
       688        140          0          0          0        212   ddiv.o
        94          4          0          0          0         92   dfix.o
        46          0          0          0          0         68   dflt_clz.o
       120          4          0          0          0         92   dleqf.o
       340         12          0          0          0        104   dmul.o
       156          4          0          0          0         92   dnaninf.o
        12          0          0          0          0         68   dretinf.o
       108          0          0          0          0         80   drleqf.o
       460         56          0          0          0        120   dsqrt_noumaal.o
        86          4          0          0          0         84   f2d.o
       430          8          0          0          0        168   faddsub_clz.o
       258          4          0          0          0         84   fmul.o
       140          4          0          0          0         84   fnaninf.o
        10          0          0          0          0         68   fretinf.o
       100          0          0          0          0         68   retnan.o
        92          0          0          0          0         68   scalbn.o
        48          0          0          0          0         68   trapv.o
         0          0          0          0          0          0   usenofp.o
       548         70        152          0          0        124   atan.o
        16          6          0          0          0         68   dunder.o
        40          0          0          0          0         68   fpclassify.o
       170          0          0          0          0         96   poly.o
        78          0          0          0          0         84   sqrt.o

    ----------------------------------------------------------------------
      5734        372        152          0        100       3988   Library Totals
        16          0          0          0          4          0   (incl. Padding)

    ----------------------------------------------------------------------

      Code (inc. data)   RO Data    RW Data    ZI Data      Debug   Library Name

       714         32          0          0         96       1344   c_w.l
      4152        264          0          0          0       2204   fz_ws.l
       852         76        152          0          0        440   m_ws.l

    ----------------------------------------------------------------------
      5734        372        152          0        100       3988   Library Totals

    ----------------------------------------------------------------------

==============================================================================


      Code (inc. data)   RO Data    RW Data    ZI Data      Debug   

     57314       2556       2030        200       5408     602148   Grand Totals
     57314       2556       2030        200       5408     602148   ELF Image Totals
     57314       2556       2030        200          0          0   ROM Totals

==============================================================================

    Total RO  Size (Code + RO Data)                59344 (  57.95kB)
    Total RW  Size (RW Data + ZI Data)              5608 (   5.48kB)
    Total ROM Size (Code + RO Data + RW Data)      59544 (  58.15kB)

==============================================================================

